******************************************************************************
                  TI ARM Linker PC v16.9.6                     
******************************************************************************
>> Linked Thu Oct 03 14:54:10 2019

OUTPUT FILE NAME:   <FirstTivaProject.out>
ENTRY POINT SYMBOL: "_c_int00"  address: 00003855


MEMORY CONFIGURATION

         name            origin    length      used     unused   attr    fill
----------------------  --------  ---------  --------  --------  ----  --------
  FLASH                 00000000   00100000  00003eb6  000fc14a  R  X
  SRAM                  20000000   00040000  000010dc  0003ef24  RW X


SEGMENT ALLOCATION MAP

run origin  load origin   length   init length attrs members
----------  ----------- ---------- ----------- ----- -------
00000000    00000000    00003ebc   00003ebc    r-x
  00000000    00000000    00000208   00000208    r-- .intvecs
  00000208    00000208    00003a1a   00003a1a    r-x .text
  00003c28    00003c28    00000258   00000258    r-- .const
  00003e80    00003e80    0000003c   0000003c    r-- .cinit
20000000    20000000    000010dc   00000000    rw-
  20000000    20000000    000008dc   00000000    rw- .data
  200008dc    200008dc    00000800   00000000    rw- .stack


SECTION ALLOCATION MAP

 output                                  attributes/
section   page    origin      length       input sections
--------  ----  ----------  ----------   ----------------
.intvecs   0    00000000    00000208     
                  00000000    00000208     tm4c1294ncpdt_startup_ccs.obj (.intvecs)

.text      0    00000208    00003a1a     
                  00000208    0000113e     rtsv7M4_T_le_v4SPD16_eabi.lib : _printfi.obj (.text)
                  00001346    00000002                                   : mpu_init.obj (.text)
                  00001348    00000898                                   : _scanfi.obj (.text)
                  00001be0    0000024c     Time.obj (.text)
                  00001e2c    0000023c     rtsv7M4_T_le_v4SPD16_eabi.lib : strtod.obj (.text)
                  00002068    000001f4                                   : ull_div_t2.obj (.text)
                  0000225c    000001dc                                   : strtoll.obj (.text)
                  00002438    000001b6                                   : fd_add_t2.obj (.text)
                  000025ee    00000002                                   : startup.obj (.text)
                  000025f0    00000198     Date.obj (.text)
                  00002788    0000015c     UART.obj (.text)
                  000028e4    0000015c     rtsv7M4_T_le_v4SPD16_eabi.lib : strtoull.obj (.text)
                  00002a40    00000136                                   : fd_div_t2.obj (.text)
                  00002b76    00000002     --HOLE-- [fill = 0]
                  00002b78    00000134     Queue.obj (.text)
                  00002cac    00000134     rtsv7M4_T_le_v4SPD16_eabi.lib : strtol.obj (.text)
                  00002de0    00000114                                   : strtoul.obj (.text)
                  00002ef4    000000fc                                   : fd_mul_t2.obj (.text)
                  00002ff0    000000fc                                   : s_scalbn.obj (.text)
                  000030ec    000000cc                                   : sscanf.obj (.text)
                  000031b8    000000bc     main.obj (.text)
                  00003274    0000009c     rtsv7M4_T_le_v4SPD16_eabi.lib : memcpy_t2.obj (.text)
                  00003310    00000086                                   : fd_cmp_t2.obj (.text:__aeabi_cdcmple)
                  00003396    00000086                                   : fd_cmp_t2.obj (.text:__aeabi_cdrcmple)
                  0000341c    00000084     Utilities.obj (.text)
                  000034a0    0000007a     rtsv7M4_T_le_v4SPD16_eabi.lib : memset_t2.obj (.text)
                  0000351a    00000002     --HOLE-- [fill = 0]
                  0000351c    00000070                                   : autoinit.obj (.text)
                  0000358c    0000006e                                   : fd_tos_t2.obj (.text)
                  000035fa    00000002     --HOLE-- [fill = 0]
                  000035fc    0000006c     CommandTable.obj (.text)
                  00003668    00000068     rtsv7M4_T_le_v4SPD16_eabi.lib : copy_decompress_lzss.obj (.text:decompress:lzss)
                  000036d0    00000064     SysTick.obj (.text)
                  00003734    00000064     rtsv7M4_T_le_v4SPD16_eabi.lib : s_frexp.obj (.text)
                  00003798    00000060                                   : sprintf.obj (.text)
                  000037f8    0000005c     HoldingBuffer.obj (.text)
                  00003854    00000054     rtsv7M4_T_le_v4SPD16_eabi.lib : boot.obj (.text)
                  000038a8    00000054                                   : exit.obj (.text)
                  000038fc    00000054                                   : ltoa.obj (.text)
                  00003950    0000004c                                   : atoi.obj (.text)
                  0000399c    0000004c                                   : cpy_tbl.obj (.text)
                  000039e8    00000048                                   : fd_toi_t2.obj (.text)
                  00003a30    00000040                                   : strtok.obj (.text)
                  00003a70    0000002e                                   : i_tofd_t2.obj (.text)
                  00003a9e    0000002c                                   : strncmp.obj (.text)
                  00003aca    0000002a                                   : strspn.obj (.text)
                  00003af4    00000024                                   : strcspn.obj (.text)
                  00003b18    0000001c                                   : memccpy.obj (.text)
                  00003b34    00000018                                   : args_main.obj (.text)
                  00003b4c    00000018                                   : ll_mul_t2.obj (.text)
                  00003b64    00000018                                   : strrchr.obj (.text)
                  00003b7c    00000016                                   : strchr.obj (.text)
                  00003b92    00000002     --HOLE-- [fill = 0]
                  00003b94    00000014                                   : _lock.obj (.text)
                  00003ba8    00000014                                   : s_copysign.obj (.text)
                  00003bbc    00000014                                   : strcpy.obj (.text)
                  00003bd0    00000014                                   : strlen.obj (.text)
                  00003be4    00000010                                   : isdigit.obj (.text)
                  00003bf4    00000010                                   : tolower.obj (.text)
                  00003c04    0000000e                                   : copy_decompress_none.obj (.text:decompress:none)
                  00003c12    0000000c     tm4c1294ncpdt_startup_ccs.obj (.text)
                  00003c1e    00000004     rtsv7M4_T_le_v4SPD16_eabi.lib : pre_init.obj (.text)

.const     0    00003c28    00000258     
                  00003c28    00000101     rtsv7M4_T_le_v4SPD16_eabi.lib : ctype.obj (.const:.string:_ctypes_)
                  00003d29    00000007     --HOLE-- [fill = 0]
                  00003d30    00000098                                   : strtod.obj (.const:$O1$$)
                  00003dc8    00000060     Date.obj (.const:daysInMonth)
                  00003e28    00000024     Date.obj (.const:monthStrings)
                  00003e4c    00000010     rtsv7M4_T_le_v4SPD16_eabi.lib : _scanfi.obj (.const:$O1$$)
                  00003e5c    0000000e     CommandTable.obj (.const:.string)
                  00003e6a    00000002     --HOLE-- [fill = 0]
                  00003e6c    0000000c     Date.obj (.const:$P$T0$1)
                  00003e78    00000008     main.obj (.const:$P$T0$1)

.cinit     0    00003e80    0000003c     
                  00003e80    0000002b     (.cinit..data.load) [load image, compression = lzss]
                  00003eab    00000001     --HOLE-- [fill = 0]
                  00003eac    00000008     (__TI_handler_table)
                  00003eb4    00000008     (__TI_cinit_table)

.init_array 
*          0    00000000    00000000     UNINITIALIZED

.data      0    20000000    000008dc     UNINITIALIZED
                  20000000    00000810     Queue.obj (.data:intQueues)
                  20000810    00000054     HoldingBuffer.obj (.data:holdingBuf)
                  20000864    00000024     CommandTable.obj (.data:commandTable)
                  20000888    00000010     Time.obj (.data:time)
                  20000898    0000000c     rtsv7M4_T_le_v4SPD16_eabi.lib : exit.obj (.data:$O1$$)
                  200008a4    0000000c     Date.obj (.data:currentDate)
                  200008b0    00000008     rtsv7M4_T_le_v4SPD16_eabi.lib : _lock.obj (.data:$O1$$)
                  200008b8    00000008     UART.obj (.data:Data)
                  200008c0    00000008     Utilities.obj (.data:out)
                  200008c8    00000008     SysTick.obj (.data:sysInt)
                  200008d0    00000004     rtsv7M4_T_le_v4SPD16_eabi.lib : errno.obj (.data)
                  200008d4    00000004                                   : stkdepth_vars.obj (.data)
                  200008d8    00000004                                   : strtok.obj (.data)

.stack     0    200008dc    00000800     UNINITIALIZED
                  200008dc    00000800     --HOLE--

MODULE SUMMARY

       Module                          code    ro data   rw data
       ------                          ----    -------   -------
    .\
       Queue.obj                       308     0         2064   
       Time.obj                        588     0         16     
       Date.obj                        408     144       12     
       tm4c1294ncpdt_startup_ccs.obj   12      520       0      
       UART.obj                        348     0         8      
       main.obj                        188     8         0      
       HoldingBuffer.obj               92      0         84     
       CommandTable.obj                108     14        36     
       Utilities.obj                   132     0         8      
       SysTick.obj                     100     0         8      
    +--+-------------------------------+-------+---------+---------+
       Total:                          2284    686       2236   
                                                                
    C:\ti\ccsv7\tools\compiler\ti-cgt-arm_16.9.6.LTS\lib\rtsv7M4_T_le_v4SPD16_eabi.lib
       _printfi.obj                    4414    0         0      
       _scanfi.obj                     2200    16        0      
       strtod.obj                      572     152       0      
       ull_div_t2.obj                  500     0         0      
       strtoll.obj                     476     0         0      
       fd_add_t2.obj                   438     0         0      
       strtoull.obj                    348     0         0      
       fd_div_t2.obj                   310     0         0      
       strtol.obj                      308     0         0      
       strtoul.obj                     276     0         0      
       fd_cmp_t2.obj                   268     0         0      
       ctype.obj                       0       257       0      
       fd_mul_t2.obj                   252     0         0      
       s_scalbn.obj                    252     0         0      
       sscanf.obj                      204     0         0      
       memcpy_t2.obj                   156     0         0      
       memset_t2.obj                   122     0         0      
       autoinit.obj                    112     0         0      
       fd_tos_t2.obj                   110     0         0      
       copy_decompress_lzss.obj        104     0         0      
       s_frexp.obj                     100     0         0      
       exit.obj                        84      0         12     
       sprintf.obj                     96      0         0      
       boot.obj                        84      0         0      
       ltoa.obj                        84      0         0      
       atoi.obj                        76      0         0      
       cpy_tbl.obj                     76      0         0      
       fd_toi_t2.obj                   72      0         0      
       strtok.obj                      64      0         4      
       i_tofd_t2.obj                   46      0         0      
       strncmp.obj                     44      0         0      
       strspn.obj                      42      0         0      
       strcspn.obj                     36      0         0      
       _lock.obj                       20      0         8      
       memccpy.obj                     28      0         0      
       args_main.obj                   24      0         0      
       ll_mul_t2.obj                   24      0         0      
       strrchr.obj                     24      0         0      
       strchr.obj                      22      0         0      
       s_copysign.obj                  20      0         0      
       strcpy.obj                      20      0         0      
       strlen.obj                      20      0         0      
       isdigit.obj                     16      0         0      
       tolower.obj                     16      0         0      
       copy_decompress_none.obj        14      0         0      
       errno.obj                       0       0         4      
       pre_init.obj                    4       0         0      
       stkdepth_vars.obj               0       0         4      
       mpu_init.obj                    2       0         0      
       startup.obj                     2       0         0      
    +--+-------------------------------+-------+---------+---------+
       Total:                          12582   425       32     
                                                                
       Stack:                          0       0         2048   
       Linker Generated:               0       59        0      
    +--+-------------------------------+-------+---------+---------+
       Grand Total:                    14866   1170      4316   


LINKER GENERATED COPY TABLES

__TI_cinit_table @ 00003eb4 records: 1, size/record: 8, table size: 8
	.data: load addr=00003e80, load size=0000002b bytes, run addr=20000000, run size=000008dc bytes, compression=lzss


LINKER GENERATED HANDLER TABLE

__TI_handler_table @ 00003eac records: 2, size/record: 4, table size: 8
	index: 0, handler: __TI_decompress_lzss
	index: 1, handler: __TI_decompress_none


GLOBAL SYMBOLS: SORTED ALPHABETICALLY BY Name 

address   name                           
-------   ----                           
000038a9  C$$EXIT                        
200008b8  Data                           
000027e7  InterruptEnable                
00003c13  ResetISR                       
UNDEFED   SHT$$INIT_ARRAY$$Base          
UNDEFED   SHT$$INIT_ARRAY$$Limit         
00003713  SysTickHandler                 
00003707  SysTickIntDisable              
000036fb  SysTickIntEnable               
000036e9  SysTickPeriod                  
000036d1  SysTickStart                   
000036dd  SysTickStop                    
00002789  UART0_Init                     
00002817  UART0_IntEnable                
00002847  UART0_IntHandler               
200010dc  __STACK_END                    
00000800  __STACK_SIZE                   
20000adc  __STACK_TOP                    
00003eb4  __TI_CINIT_Base                
00003ebc  __TI_CINIT_Limit               
00003eac  __TI_Handler_Table_Base        
00003eb4  __TI_Handler_Table_Limit       
0000351d  __TI_auto_init                 
20000898  __TI_cleanup_ptr               
00003669  __TI_decompress_lzss           
00003c05  __TI_decompress_none           
2000089c  __TI_dtors_ptr                 
200008a0  __TI_enable_exit_profile_output
ffffffff  __TI_pprof_out_hndl            
00000a4d  __TI_printfi                   
ffffffff  __TI_prof_data_size            
ffffffff  __TI_prof_data_start           
00001349  __TI_scanfi                    
00000000  __TI_static_base__             
00003311  __aeabi_cdcmpeq                
00003311  __aeabi_cdcmple                
00003397  __aeabi_cdrcmple               
0000358d  __aeabi_d2f                    
000039e9  __aeabi_d2iz                   
00002443  __aeabi_dadd                   
00002a41  __aeabi_ddiv                   
00002ef5  __aeabi_dmul                   
00002439  __aeabi_dsub                   
00003a71  __aeabi_i2d                    
00003b4d  __aeabi_lmul                   
000034a1  __aeabi_memclr                 
000034a1  __aeabi_memclr4                
000034a1  __aeabi_memclr8                
00003275  __aeabi_memcpy                 
00003275  __aeabi_memcpy4                
00003275  __aeabi_memcpy8                
000034a3  __aeabi_memset                 
000034a3  __aeabi_memset4                
000034a3  __aeabi_memset8                
00002069  __aeabi_uldivmod               
ffffffff  __binit__                      
ffffffff  __c_args__                     
00001347  __mpu_init                     
200008dc  __stack                        
00003b35  _args_main                     
00003855  _c_int00                       
00003c28  _ctypes_                       
200008b0  _lock                          
00003ba3  _nop                           
00003b9b  _register_lock                 
00003b95  _register_unlock               
000025ef  _system_post_cinit             
00003c1f  _system_pre_init               
200008b4  _unlock                        
000038ad  abort                          
000037f9  add                            
00003951  atoi                           
ffffffff  binit                          
20000864  commandTable                   
0000399d  copy_in                        
00003ba9  copysign                       
00003ba9  copysignl                      
200008a4  currentDate                    
00003dc8  daysInMonth                    
00002c17  dequeue                        
00001d51  displayTime                    
0000383b  empty                          
00002b79  enqueue                        
200008d0  errno                          
000038b5  exit                           
0000282b  forceOutput                    
00003735  frexp                          
00003735  frexpl                         
00000000  g_pfnVectors                   
20000810  holdingBuf                     
20000000  intQueues                      
00003be5  isdigit                        
00002ff1  ldexp                          
00002ff1  ldexpl                         
000038fd  ltoa                           
000031b9  main                           
200008d4  main_func_sp                   
00003b19  memccpy                        
00003275  memcpy                         
000034a9  memset                         
000026cd  monthNumber                    
00003e28  monthStrings                   
00001dcb  myAtoi                         
200008c0  out                            
0000341d  printChar                      
0000342d  printString                    
00001d75  printTime                      
000035fd  process                        
00003823  remove                         
00002ff1  scalbn                         
00002ff1  scalbnl                        
000025f1  setDate                        
00002703  setDay                         
00001c65  setTime                        
00003465  spaceFilter                    
00003799  sprintf                        
000030ff  sscanf                         
00003b7d  strchr                         
00003bbd  strcpy                         
00003af5  strcspn                        
00003bd1  strlen                         
00003a9f  strncmp                        
00003b65  strrchr                        
00003acb  strspn                         
00001e2d  strtod                         
00003a31  strtok                         
00002cad  strtol                         
00001e2d  strtold                        
0000225d  strtoll                        
00002de1  strtoul                        
000028e5  strtoull                       
200008c8  sysInt                         
20000888  time                           
00003bf5  tolower                        
00001c4d  updateHours                    
00001c29  updateMinutes                  
00001c05  updateSeconds                  
00001be1  updateTenths                   
000030ed  vsscanf                        


GLOBAL SYMBOLS: SORTED BY Symbol Address 

address   name                           
-------   ----                           
00000000  __TI_static_base__             
00000000  g_pfnVectors                   
00000800  __STACK_SIZE                   
00000a4d  __TI_printfi                   
00001347  __mpu_init                     
00001349  __TI_scanfi                    
00001be1  updateTenths                   
00001c05  updateSeconds                  
00001c29  updateMinutes                  
00001c4d  updateHours                    
00001c65  setTime                        
00001d51  displayTime                    
00001d75  printTime                      
00001dcb  myAtoi                         
00001e2d  strtod                         
00001e2d  strtold                        
00002069  __aeabi_uldivmod               
0000225d  strtoll                        
00002439  __aeabi_dsub                   
00002443  __aeabi_dadd                   
000025ef  _system_post_cinit             
000025f1  setDate                        
000026cd  monthNumber                    
00002703  setDay                         
00002789  UART0_Init                     
000027e7  InterruptEnable                
00002817  UART0_IntEnable                
0000282b  forceOutput                    
00002847  UART0_IntHandler               
000028e5  strtoull                       
00002a41  __aeabi_ddiv                   
00002b79  enqueue                        
00002c17  dequeue                        
00002cad  strtol                         
00002de1  strtoul                        
00002ef5  __aeabi_dmul                   
00002ff1  ldexp                          
00002ff1  ldexpl                         
00002ff1  scalbn                         
00002ff1  scalbnl                        
000030ed  vsscanf                        
000030ff  sscanf                         
000031b9  main                           
00003275  __aeabi_memcpy                 
00003275  __aeabi_memcpy4                
00003275  __aeabi_memcpy8                
00003275  memcpy                         
00003311  __aeabi_cdcmpeq                
00003311  __aeabi_cdcmple                
00003397  __aeabi_cdrcmple               
0000341d  printChar                      
0000342d  printString                    
00003465  spaceFilter                    
000034a1  __aeabi_memclr                 
000034a1  __aeabi_memclr4                
000034a1  __aeabi_memclr8                
000034a3  __aeabi_memset                 
000034a3  __aeabi_memset4                
000034a3  __aeabi_memset8                
000034a9  memset                         
0000351d  __TI_auto_init                 
0000358d  __aeabi_d2f                    
000035fd  process                        
00003669  __TI_decompress_lzss           
000036d1  SysTickStart                   
000036dd  SysTickStop                    
000036e9  SysTickPeriod                  
000036fb  SysTickIntEnable               
00003707  SysTickIntDisable              
00003713  SysTickHandler                 
00003735  frexp                          
00003735  frexpl                         
00003799  sprintf                        
000037f9  add                            
00003823  remove                         
0000383b  empty                          
00003855  _c_int00                       
000038a9  C$$EXIT                        
000038ad  abort                          
000038b5  exit                           
000038fd  ltoa                           
00003951  atoi                           
0000399d  copy_in                        
000039e9  __aeabi_d2iz                   
00003a31  strtok                         
00003a71  __aeabi_i2d                    
00003a9f  strncmp                        
00003acb  strspn                         
00003af5  strcspn                        
00003b19  memccpy                        
00003b35  _args_main                     
00003b4d  __aeabi_lmul                   
00003b65  strrchr                        
00003b7d  strchr                         
00003b95  _register_unlock               
00003b9b  _register_lock                 
00003ba3  _nop                           
00003ba9  copysign                       
00003ba9  copysignl                      
00003bbd  strcpy                         
00003bd1  strlen                         
00003be5  isdigit                        
00003bf5  tolower                        
00003c05  __TI_decompress_none           
00003c13  ResetISR                       
00003c1f  _system_pre_init               
00003c28  _ctypes_                       
00003dc8  daysInMonth                    
00003e28  monthStrings                   
00003eac  __TI_Handler_Table_Base        
00003eb4  __TI_CINIT_Base                
00003eb4  __TI_Handler_Table_Limit       
00003ebc  __TI_CINIT_Limit               
20000000  intQueues                      
20000810  holdingBuf                     
20000864  commandTable                   
20000888  time                           
20000898  __TI_cleanup_ptr               
2000089c  __TI_dtors_ptr                 
200008a0  __TI_enable_exit_profile_output
200008a4  currentDate                    
200008b0  _lock                          
200008b4  _unlock                        
200008b8  Data                           
200008c0  out                            
200008c8  sysInt                         
200008d0  errno                          
200008d4  main_func_sp                   
200008dc  __stack                        
20000adc  __STACK_TOP                    
200010dc  __STACK_END                    
ffffffff  __TI_pprof_out_hndl            
ffffffff  __TI_prof_data_size            
ffffffff  __TI_prof_data_start           
ffffffff  __binit__                      
ffffffff  __c_args__                     
ffffffff  binit                          
UNDEFED   SHT$$INIT_ARRAY$$Base          
UNDEFED   SHT$$INIT_ARRAY$$Limit         

[139 symbols]
