<?xml version="1.0"?>
<link_info>
   <banner>TI ARM Linker PC v16.9.6.LTS</banner>
   <copyright>Copyright (c) 1996-2017 Texas Instruments Incorporated</copyright>
   <link_time>0x5d9635c2</link_time>
   <link_errors>0x0</link_errors>
   <output_file>FirstTivaProject.out</output_file>
   <entry_point>
      <name>_c_int00</name>
      <address>0x3855</address>
   </entry_point>
   <input_file_list>
      <input_file id="fl-2">
         <path>.\</path>
         <kind>object</kind>
         <file>CommandTable.obj</file>
         <name>CommandTable.obj</name>
      </input_file>
      <input_file id="fl-3">
         <path>.\</path>
         <kind>object</kind>
         <file>Date.obj</file>
         <name>Date.obj</name>
      </input_file>
      <input_file id="fl-4">
         <path>.\</path>
         <kind>object</kind>
         <file>HoldingBuffer.obj</file>
         <name>HoldingBuffer.obj</name>
      </input_file>
      <input_file id="fl-5">
         <path>.\</path>
         <kind>object</kind>
         <file>Queue.obj</file>
         <name>Queue.obj</name>
      </input_file>
      <input_file id="fl-6">
         <path>.\</path>
         <kind>object</kind>
         <file>SysTick.obj</file>
         <name>SysTick.obj</name>
      </input_file>
      <input_file id="fl-7">
         <path>.\</path>
         <kind>object</kind>
         <file>Time.obj</file>
         <name>Time.obj</name>
      </input_file>
      <input_file id="fl-8">
         <path>.\</path>
         <kind>object</kind>
         <file>UART.obj</file>
         <name>UART.obj</name>
      </input_file>
      <input_file id="fl-9">
         <path>.\</path>
         <kind>object</kind>
         <file>Utilities.obj</file>
         <name>Utilities.obj</name>
      </input_file>
      <input_file id="fl-a">
         <path>.\</path>
         <kind>object</kind>
         <file>VT100.obj</file>
         <name>VT100.obj</name>
      </input_file>
      <input_file id="fl-b">
         <path>.\</path>
         <kind>object</kind>
         <file>main.obj</file>
         <name>main.obj</name>
      </input_file>
      <input_file id="fl-c">
         <path>.\</path>
         <kind>object</kind>
         <file>tm4c1294ncpdt_startup_ccs.obj</file>
         <name>tm4c1294ncpdt_startup_ccs.obj</name>
      </input_file>
      <input_file id="fl-10">
         <kind>object</kind>
         <file>&lt;internal&gt;</file>
         <name>&lt;internal&gt;</name>
      </input_file>
      <input_file id="fl-c6">
         <path>C:\ti\ccsv7\tools\compiler\ti-cgt-arm_16.9.6.LTS\lib\</path>
         <kind>archive</kind>
         <file>rtsv7M4_T_le_v4SPD16_eabi.lib</file>
         <name>atoi.obj</name>
      </input_file>
      <input_file id="fl-c7">
         <path>C:\ti\ccsv7\tools\compiler\ti-cgt-arm_16.9.6.LTS\lib\</path>
         <kind>archive</kind>
         <file>rtsv7M4_T_le_v4SPD16_eabi.lib</file>
         <name>boot.obj</name>
      </input_file>
      <input_file id="fl-c8">
         <path>C:\ti\ccsv7\tools\compiler\ti-cgt-arm_16.9.6.LTS\lib\</path>
         <kind>archive</kind>
         <file>rtsv7M4_T_le_v4SPD16_eabi.lib</file>
         <name>copy_decompress_lzss.obj</name>
      </input_file>
      <input_file id="fl-c9">
         <path>C:\ti\ccsv7\tools\compiler\ti-cgt-arm_16.9.6.LTS\lib\</path>
         <kind>archive</kind>
         <file>rtsv7M4_T_le_v4SPD16_eabi.lib</file>
         <name>copy_decompress_none.obj</name>
      </input_file>
      <input_file id="fl-ca">
         <path>C:\ti\ccsv7\tools\compiler\ti-cgt-arm_16.9.6.LTS\lib\</path>
         <kind>archive</kind>
         <file>rtsv7M4_T_le_v4SPD16_eabi.lib</file>
         <name>copy_zero_init.obj</name>
      </input_file>
      <input_file id="fl-cb">
         <path>C:\ti\ccsv7\tools\compiler\ti-cgt-arm_16.9.6.LTS\lib\</path>
         <kind>archive</kind>
         <file>rtsv7M4_T_le_v4SPD16_eabi.lib</file>
         <name>ctype.obj</name>
      </input_file>
      <input_file id="fl-cc">
         <path>C:\ti\ccsv7\tools\compiler\ti-cgt-arm_16.9.6.LTS\lib\</path>
         <kind>archive</kind>
         <file>rtsv7M4_T_le_v4SPD16_eabi.lib</file>
         <name>exit.obj</name>
      </input_file>
      <input_file id="fl-cd">
         <path>C:\ti\ccsv7\tools\compiler\ti-cgt-arm_16.9.6.LTS\lib\</path>
         <kind>archive</kind>
         <file>rtsv7M4_T_le_v4SPD16_eabi.lib</file>
         <name>isdigit.obj</name>
      </input_file>
      <input_file id="fl-ce">
         <path>C:\ti\ccsv7\tools\compiler\ti-cgt-arm_16.9.6.LTS\lib\</path>
         <kind>archive</kind>
         <file>rtsv7M4_T_le_v4SPD16_eabi.lib</file>
         <name>memcpy_t2.obj</name>
      </input_file>
      <input_file id="fl-cf">
         <path>C:\ti\ccsv7\tools\compiler\ti-cgt-arm_16.9.6.LTS\lib\</path>
         <kind>archive</kind>
         <file>rtsv7M4_T_le_v4SPD16_eabi.lib</file>
         <name>memset_t2.obj</name>
      </input_file>
      <input_file id="fl-d0">
         <path>C:\ti\ccsv7\tools\compiler\ti-cgt-arm_16.9.6.LTS\lib\</path>
         <kind>archive</kind>
         <file>rtsv7M4_T_le_v4SPD16_eabi.lib</file>
         <name>mpu_init.obj</name>
      </input_file>
      <input_file id="fl-d1">
         <path>C:\ti\ccsv7\tools\compiler\ti-cgt-arm_16.9.6.LTS\lib\</path>
         <kind>archive</kind>
         <file>rtsv7M4_T_le_v4SPD16_eabi.lib</file>
         <name>pre_init.obj</name>
      </input_file>
      <input_file id="fl-d2">
         <path>C:\ti\ccsv7\tools\compiler\ti-cgt-arm_16.9.6.LTS\lib\</path>
         <kind>archive</kind>
         <file>rtsv7M4_T_le_v4SPD16_eabi.lib</file>
         <name>sprintf.obj</name>
      </input_file>
      <input_file id="fl-d3">
         <path>C:\ti\ccsv7\tools\compiler\ti-cgt-arm_16.9.6.LTS\lib\</path>
         <kind>archive</kind>
         <file>rtsv7M4_T_le_v4SPD16_eabi.lib</file>
         <name>sscanf.obj</name>
      </input_file>
      <input_file id="fl-d4">
         <path>C:\ti\ccsv7\tools\compiler\ti-cgt-arm_16.9.6.LTS\lib\</path>
         <kind>archive</kind>
         <file>rtsv7M4_T_le_v4SPD16_eabi.lib</file>
         <name>stkdepth_vars.obj</name>
      </input_file>
      <input_file id="fl-d5">
         <path>C:\ti\ccsv7\tools\compiler\ti-cgt-arm_16.9.6.LTS\lib\</path>
         <kind>archive</kind>
         <file>rtsv7M4_T_le_v4SPD16_eabi.lib</file>
         <name>strcpy.obj</name>
      </input_file>
      <input_file id="fl-d6">
         <path>C:\ti\ccsv7\tools\compiler\ti-cgt-arm_16.9.6.LTS\lib\</path>
         <kind>archive</kind>
         <file>rtsv7M4_T_le_v4SPD16_eabi.lib</file>
         <name>strncmp.obj</name>
      </input_file>
      <input_file id="fl-d7">
         <path>C:\ti\ccsv7\tools\compiler\ti-cgt-arm_16.9.6.LTS\lib\</path>
         <kind>archive</kind>
         <file>rtsv7M4_T_le_v4SPD16_eabi.lib</file>
         <name>strtok.obj</name>
      </input_file>
      <input_file id="fl-d8">
         <path>C:\ti\ccsv7\tools\compiler\ti-cgt-arm_16.9.6.LTS\lib\</path>
         <kind>archive</kind>
         <file>rtsv7M4_T_le_v4SPD16_eabi.lib</file>
         <name>tolower.obj</name>
      </input_file>
      <input_file id="fl-d9">
         <path>C:\ti\ccsv7\tools\compiler\ti-cgt-arm_16.9.6.LTS\lib\</path>
         <kind>archive</kind>
         <file>rtsv7M4_T_le_v4SPD16_eabi.lib</file>
         <name>_lock.obj</name>
      </input_file>
      <input_file id="fl-da">
         <path>C:\ti\ccsv7\tools\compiler\ti-cgt-arm_16.9.6.LTS\lib\</path>
         <kind>archive</kind>
         <file>rtsv7M4_T_le_v4SPD16_eabi.lib</file>
         <name>_printfi.obj</name>
      </input_file>
      <input_file id="fl-db">
         <path>C:\ti\ccsv7\tools\compiler\ti-cgt-arm_16.9.6.LTS\lib\</path>
         <kind>archive</kind>
         <file>rtsv7M4_T_le_v4SPD16_eabi.lib</file>
         <name>_scanfi.obj</name>
      </input_file>
      <input_file id="fl-dc">
         <path>C:\ti\ccsv7\tools\compiler\ti-cgt-arm_16.9.6.LTS\lib\</path>
         <kind>archive</kind>
         <file>rtsv7M4_T_le_v4SPD16_eabi.lib</file>
         <name>args_main.obj</name>
      </input_file>
      <input_file id="fl-dd">
         <path>C:\ti\ccsv7\tools\compiler\ti-cgt-arm_16.9.6.LTS\lib\</path>
         <kind>archive</kind>
         <file>rtsv7M4_T_le_v4SPD16_eabi.lib</file>
         <name>autoinit.obj</name>
      </input_file>
      <input_file id="fl-de">
         <path>C:\ti\ccsv7\tools\compiler\ti-cgt-arm_16.9.6.LTS\lib\</path>
         <kind>archive</kind>
         <file>rtsv7M4_T_le_v4SPD16_eabi.lib</file>
         <name>cpy_tbl.obj</name>
      </input_file>
      <input_file id="fl-df">
         <path>C:\ti\ccsv7\tools\compiler\ti-cgt-arm_16.9.6.LTS\lib\</path>
         <kind>archive</kind>
         <file>rtsv7M4_T_le_v4SPD16_eabi.lib</file>
         <name>fd_add_t2.obj</name>
      </input_file>
      <input_file id="fl-e0">
         <path>C:\ti\ccsv7\tools\compiler\ti-cgt-arm_16.9.6.LTS\lib\</path>
         <kind>archive</kind>
         <file>rtsv7M4_T_le_v4SPD16_eabi.lib</file>
         <name>fd_cmp_t2.obj</name>
      </input_file>
      <input_file id="fl-e1">
         <path>C:\ti\ccsv7\tools\compiler\ti-cgt-arm_16.9.6.LTS\lib\</path>
         <kind>archive</kind>
         <file>rtsv7M4_T_le_v4SPD16_eabi.lib</file>
         <name>fd_div_t2.obj</name>
      </input_file>
      <input_file id="fl-e2">
         <path>C:\ti\ccsv7\tools\compiler\ti-cgt-arm_16.9.6.LTS\lib\</path>
         <kind>archive</kind>
         <file>rtsv7M4_T_le_v4SPD16_eabi.lib</file>
         <name>fd_mul_t2.obj</name>
      </input_file>
      <input_file id="fl-e3">
         <path>C:\ti\ccsv7\tools\compiler\ti-cgt-arm_16.9.6.LTS\lib\</path>
         <kind>archive</kind>
         <file>rtsv7M4_T_le_v4SPD16_eabi.lib</file>
         <name>fd_toi_t2.obj</name>
      </input_file>
      <input_file id="fl-e4">
         <path>C:\ti\ccsv7\tools\compiler\ti-cgt-arm_16.9.6.LTS\lib\</path>
         <kind>archive</kind>
         <file>rtsv7M4_T_le_v4SPD16_eabi.lib</file>
         <name>fd_tos_t2.obj</name>
      </input_file>
      <input_file id="fl-e5">
         <path>C:\ti\ccsv7\tools\compiler\ti-cgt-arm_16.9.6.LTS\lib\</path>
         <kind>archive</kind>
         <file>rtsv7M4_T_le_v4SPD16_eabi.lib</file>
         <name>i_tofd_t2.obj</name>
      </input_file>
      <input_file id="fl-e6">
         <path>C:\ti\ccsv7\tools\compiler\ti-cgt-arm_16.9.6.LTS\lib\</path>
         <kind>archive</kind>
         <file>rtsv7M4_T_le_v4SPD16_eabi.lib</file>
         <name>ltoa.obj</name>
      </input_file>
      <input_file id="fl-e7">
         <path>C:\ti\ccsv7\tools\compiler\ti-cgt-arm_16.9.6.LTS\lib\</path>
         <kind>archive</kind>
         <file>rtsv7M4_T_le_v4SPD16_eabi.lib</file>
         <name>memccpy.obj</name>
      </input_file>
      <input_file id="fl-e8">
         <path>C:\ti\ccsv7\tools\compiler\ti-cgt-arm_16.9.6.LTS\lib\</path>
         <kind>archive</kind>
         <file>rtsv7M4_T_le_v4SPD16_eabi.lib</file>
         <name>s_frexp.obj</name>
      </input_file>
      <input_file id="fl-e9">
         <path>C:\ti\ccsv7\tools\compiler\ti-cgt-arm_16.9.6.LTS\lib\</path>
         <kind>archive</kind>
         <file>rtsv7M4_T_le_v4SPD16_eabi.lib</file>
         <name>s_scalbn.obj</name>
      </input_file>
      <input_file id="fl-ea">
         <path>C:\ti\ccsv7\tools\compiler\ti-cgt-arm_16.9.6.LTS\lib\</path>
         <kind>archive</kind>
         <file>rtsv7M4_T_le_v4SPD16_eabi.lib</file>
         <name>startup.obj</name>
      </input_file>
      <input_file id="fl-eb">
         <path>C:\ti\ccsv7\tools\compiler\ti-cgt-arm_16.9.6.LTS\lib\</path>
         <kind>archive</kind>
         <file>rtsv7M4_T_le_v4SPD16_eabi.lib</file>
         <name>strchr.obj</name>
      </input_file>
      <input_file id="fl-ec">
         <path>C:\ti\ccsv7\tools\compiler\ti-cgt-arm_16.9.6.LTS\lib\</path>
         <kind>archive</kind>
         <file>rtsv7M4_T_le_v4SPD16_eabi.lib</file>
         <name>strcspn.obj</name>
      </input_file>
      <input_file id="fl-ed">
         <path>C:\ti\ccsv7\tools\compiler\ti-cgt-arm_16.9.6.LTS\lib\</path>
         <kind>archive</kind>
         <file>rtsv7M4_T_le_v4SPD16_eabi.lib</file>
         <name>strlen.obj</name>
      </input_file>
      <input_file id="fl-ee">
         <path>C:\ti\ccsv7\tools\compiler\ti-cgt-arm_16.9.6.LTS\lib\</path>
         <kind>archive</kind>
         <file>rtsv7M4_T_le_v4SPD16_eabi.lib</file>
         <name>strrchr.obj</name>
      </input_file>
      <input_file id="fl-ef">
         <path>C:\ti\ccsv7\tools\compiler\ti-cgt-arm_16.9.6.LTS\lib\</path>
         <kind>archive</kind>
         <file>rtsv7M4_T_le_v4SPD16_eabi.lib</file>
         <name>strspn.obj</name>
      </input_file>
      <input_file id="fl-f0">
         <path>C:\ti\ccsv7\tools\compiler\ti-cgt-arm_16.9.6.LTS\lib\</path>
         <kind>archive</kind>
         <file>rtsv7M4_T_le_v4SPD16_eabi.lib</file>
         <name>strtod.obj</name>
      </input_file>
      <input_file id="fl-f1">
         <path>C:\ti\ccsv7\tools\compiler\ti-cgt-arm_16.9.6.LTS\lib\</path>
         <kind>archive</kind>
         <file>rtsv7M4_T_le_v4SPD16_eabi.lib</file>
         <name>strtol.obj</name>
      </input_file>
      <input_file id="fl-f2">
         <path>C:\ti\ccsv7\tools\compiler\ti-cgt-arm_16.9.6.LTS\lib\</path>
         <kind>archive</kind>
         <file>rtsv7M4_T_le_v4SPD16_eabi.lib</file>
         <name>strtoll.obj</name>
      </input_file>
      <input_file id="fl-f3">
         <path>C:\ti\ccsv7\tools\compiler\ti-cgt-arm_16.9.6.LTS\lib\</path>
         <kind>archive</kind>
         <file>rtsv7M4_T_le_v4SPD16_eabi.lib</file>
         <name>strtoul.obj</name>
      </input_file>
      <input_file id="fl-f4">
         <path>C:\ti\ccsv7\tools\compiler\ti-cgt-arm_16.9.6.LTS\lib\</path>
         <kind>archive</kind>
         <file>rtsv7M4_T_le_v4SPD16_eabi.lib</file>
         <name>strtoull.obj</name>
      </input_file>
      <input_file id="fl-f5">
         <path>C:\ti\ccsv7\tools\compiler\ti-cgt-arm_16.9.6.LTS\lib\</path>
         <kind>archive</kind>
         <file>rtsv7M4_T_le_v4SPD16_eabi.lib</file>
         <name>ull_div_t2.obj</name>
      </input_file>
      <input_file id="fl-f6">
         <path>C:\ti\ccsv7\tools\compiler\ti-cgt-arm_16.9.6.LTS\lib\</path>
         <kind>archive</kind>
         <file>rtsv7M4_T_le_v4SPD16_eabi.lib</file>
         <name>errno.obj</name>
      </input_file>
      <input_file id="fl-f7">
         <path>C:\ti\ccsv7\tools\compiler\ti-cgt-arm_16.9.6.LTS\lib\</path>
         <kind>archive</kind>
         <file>rtsv7M4_T_le_v4SPD16_eabi.lib</file>
         <name>ll_mul_t2.obj</name>
      </input_file>
      <input_file id="fl-f8">
         <path>C:\ti\ccsv7\tools\compiler\ti-cgt-arm_16.9.6.LTS\lib\</path>
         <kind>archive</kind>
         <file>rtsv7M4_T_le_v4SPD16_eabi.lib</file>
         <name>s_copysign.obj</name>
      </input_file>
   </input_file_list>
   <object_component_list>
      <object_component id="oc-f">
         <name>.intvecs</name>
         <load_address>0x0</load_address>
         <run_address>0x0</run_address>
         <size>0x208</size>
         <input_file_ref idref="fl-c"/>
      </object_component>
      <object_component id="oc-1be">
         <name>.text</name>
         <load_address>0x208</load_address>
         <run_address>0x208</run_address>
         <size>0x113e</size>
         <input_file_ref idref="fl-da"/>
      </object_component>
      <object_component id="oc-63">
         <name>.text</name>
         <load_address>0x1346</load_address>
         <run_address>0x1346</run_address>
         <size>0x2</size>
         <input_file_ref idref="fl-d0"/>
      </object_component>
      <object_component id="oc-25d">
         <name>.text</name>
         <load_address>0x1348</load_address>
         <run_address>0x1348</run_address>
         <size>0x898</size>
         <input_file_ref idref="fl-db"/>
      </object_component>
      <object_component id="oc-10e">
         <name>.text</name>
         <load_address>0x1be0</load_address>
         <run_address>0x1be0</run_address>
         <size>0x24c</size>
         <input_file_ref idref="fl-7"/>
      </object_component>
      <object_component id="oc-2ae">
         <name>.text</name>
         <load_address>0x1e2c</load_address>
         <run_address>0x1e2c</run_address>
         <size>0x23c</size>
         <input_file_ref idref="fl-f0"/>
      </object_component>
      <object_component id="oc-1fa">
         <name>.text</name>
         <load_address>0x2068</load_address>
         <run_address>0x2068</run_address>
         <size>0x1f4</size>
         <input_file_ref idref="fl-f5"/>
      </object_component>
      <object_component id="oc-2bf">
         <name>.text</name>
         <load_address>0x225c</load_address>
         <run_address>0x225c</run_address>
         <size>0x1dc</size>
         <input_file_ref idref="fl-f2"/>
      </object_component>
      <object_component id="oc-229">
         <name>.text</name>
         <load_address>0x2438</load_address>
         <run_address>0x2438</run_address>
         <size>0x1b6</size>
         <input_file_ref idref="fl-df"/>
      </object_component>
      <object_component id="oc-ba">
         <name>.text</name>
         <load_address>0x25ee</load_address>
         <run_address>0x25ee</run_address>
         <size>0x2</size>
         <input_file_ref idref="fl-ea"/>
      </object_component>
      <object_component id="oc-197">
         <name>.text</name>
         <load_address>0x25f0</load_address>
         <run_address>0x25f0</run_address>
         <size>0x198</size>
         <input_file_ref idref="fl-3"/>
      </object_component>
      <object_component id="oc-37">
         <name>.text</name>
         <load_address>0x2788</load_address>
         <run_address>0x2788</run_address>
         <size>0x15c</size>
         <input_file_ref idref="fl-8"/>
      </object_component>
      <object_component id="oc-2a8">
         <name>.text</name>
         <load_address>0x28e4</load_address>
         <run_address>0x28e4</run_address>
         <size>0x15c</size>
         <input_file_ref idref="fl-f4"/>
      </object_component>
      <object_component id="oc-20f">
         <name>.text</name>
         <load_address>0x2a40</load_address>
         <run_address>0x2a40</run_address>
         <size>0x136</size>
         <input_file_ref idref="fl-e1"/>
      </object_component>
      <object_component id="oc-86">
         <name>.text</name>
         <load_address>0x2b78</load_address>
         <run_address>0x2b78</run_address>
         <size>0x134</size>
         <input_file_ref idref="fl-5"/>
      </object_component>
      <object_component id="oc-2b9">
         <name>.text</name>
         <load_address>0x2cac</load_address>
         <run_address>0x2cac</run_address>
         <size>0x134</size>
         <input_file_ref idref="fl-f1"/>
      </object_component>
      <object_component id="oc-2a2">
         <name>.text</name>
         <load_address>0x2de0</load_address>
         <run_address>0x2de0</run_address>
         <size>0x114</size>
         <input_file_ref idref="fl-f3"/>
      </object_component>
      <object_component id="oc-20a">
         <name>.text</name>
         <load_address>0x2ef4</load_address>
         <run_address>0x2ef4</run_address>
         <size>0xfc</size>
         <input_file_ref idref="fl-e2"/>
      </object_component>
      <object_component id="oc-234">
         <name>.text</name>
         <load_address>0x2ff0</load_address>
         <run_address>0x2ff0</run_address>
         <size>0xfc</size>
         <input_file_ref idref="fl-e9"/>
      </object_component>
      <object_component id="oc-1d5">
         <name>.text</name>
         <load_address>0x30ec</load_address>
         <run_address>0x30ec</run_address>
         <size>0xcc</size>
         <input_file_ref idref="fl-d3"/>
      </object_component>
      <object_component id="oc-c2">
         <name>.text</name>
         <load_address>0x31b8</load_address>
         <run_address>0x31b8</run_address>
         <size>0xbc</size>
         <input_file_ref idref="fl-b"/>
      </object_component>
      <object_component id="oc-4b">
         <name>.text</name>
         <load_address>0x3274</load_address>
         <run_address>0x3274</run_address>
         <size>0x9c</size>
         <input_file_ref idref="fl-ce"/>
      </object_component>
      <object_component id="oc-205">
         <name>.text:__aeabi_cdcmple</name>
         <load_address>0x3310</load_address>
         <run_address>0x3310</run_address>
         <size>0x86</size>
         <input_file_ref idref="fl-e0"/>
      </object_component>
      <object_component id="oc-214">
         <name>.text:__aeabi_cdrcmple</name>
         <load_address>0x3396</load_address>
         <run_address>0x3396</run_address>
         <size>0x86</size>
         <input_file_ref idref="fl-e0"/>
      </object_component>
      <object_component id="oc-f6">
         <name>.text</name>
         <load_address>0x341c</load_address>
         <run_address>0x341c</run_address>
         <size>0x84</size>
         <input_file_ref idref="fl-9"/>
      </object_component>
      <object_component id="oc-57">
         <name>.text</name>
         <load_address>0x34a0</load_address>
         <run_address>0x34a0</run_address>
         <size>0x7a</size>
         <input_file_ref idref="fl-cf"/>
      </object_component>
      <object_component id="oc-6f">
         <name>.text</name>
         <load_address>0x351c</load_address>
         <run_address>0x351c</run_address>
         <size>0x70</size>
         <input_file_ref idref="fl-dd"/>
      </object_component>
      <object_component id="oc-2b4">
         <name>.text</name>
         <load_address>0x358c</load_address>
         <run_address>0x358c</run_address>
         <size>0x6e</size>
         <input_file_ref idref="fl-e4"/>
      </object_component>
      <object_component id="oc-102">
         <name>.text</name>
         <load_address>0x35fc</load_address>
         <run_address>0x35fc</run_address>
         <size>0x6c</size>
         <input_file_ref idref="fl-2"/>
      </object_component>
      <object_component id="oc-12">
         <name>.text:decompress:lzss</name>
         <load_address>0x3668</load_address>
         <run_address>0x3668</run_address>
         <size>0x68</size>
         <input_file_ref idref="fl-c8"/>
      </object_component>
      <object_component id="oc-31">
         <name>.text</name>
         <load_address>0x36d0</load_address>
         <run_address>0x36d0</run_address>
         <size>0x64</size>
         <input_file_ref idref="fl-6"/>
      </object_component>
      <object_component id="oc-22e">
         <name>.text</name>
         <load_address>0x3734</load_address>
         <run_address>0x3734</run_address>
         <size>0x64</size>
         <input_file_ref idref="fl-e8"/>
      </object_component>
      <object_component id="oc-169">
         <name>.text</name>
         <load_address>0x3798</load_address>
         <run_address>0x3798</run_address>
         <size>0x60</size>
         <input_file_ref idref="fl-d2"/>
      </object_component>
      <object_component id="oc-fc">
         <name>.text</name>
         <load_address>0x37f8</load_address>
         <run_address>0x37f8</run_address>
         <size>0x5c</size>
         <input_file_ref idref="fl-4"/>
      </object_component>
      <object_component id="oc-24">
         <name>.text</name>
         <load_address>0x3854</load_address>
         <run_address>0x3854</run_address>
         <size>0x54</size>
         <input_file_ref idref="fl-c7"/>
      </object_component>
      <object_component id="oc-7b">
         <name>.text</name>
         <load_address>0x38a8</load_address>
         <run_address>0x38a8</run_address>
         <size>0x54</size>
         <input_file_ref idref="fl-cc"/>
      </object_component>
      <object_component id="oc-21e">
         <name>.text</name>
         <load_address>0x38fc</load_address>
         <run_address>0x38fc</run_address>
         <size>0x54</size>
         <input_file_ref idref="fl-e6"/>
      </object_component>
      <object_component id="oc-175">
         <name>.text</name>
         <load_address>0x3950</load_address>
         <run_address>0x3950</run_address>
         <size>0x4c</size>
         <input_file_ref idref="fl-c6"/>
      </object_component>
      <object_component id="oc-b4">
         <name>.text</name>
         <load_address>0x399c</load_address>
         <run_address>0x399c</run_address>
         <size>0x4c</size>
         <input_file_ref idref="fl-de"/>
      </object_component>
      <object_component id="oc-219">
         <name>.text</name>
         <load_address>0x39e8</load_address>
         <run_address>0x39e8</run_address>
         <size>0x48</size>
         <input_file_ref idref="fl-e3"/>
      </object_component>
      <object_component id="oc-15d">
         <name>.text</name>
         <load_address>0x3a30</load_address>
         <run_address>0x3a30</run_address>
         <size>0x40</size>
         <input_file_ref idref="fl-d7"/>
      </object_component>
      <object_component id="oc-224">
         <name>.text</name>
         <load_address>0x3a70</load_address>
         <run_address>0x3a70</run_address>
         <size>0x2e</size>
         <input_file_ref idref="fl-e5"/>
      </object_component>
      <object_component id="oc-14d">
         <name>.text</name>
         <load_address>0x3a9e</load_address>
         <run_address>0x3a9e</run_address>
         <size>0x2c</size>
         <input_file_ref idref="fl-d6"/>
      </object_component>
      <object_component id="oc-1ab">
         <name>.text</name>
         <load_address>0x3aca</load_address>
         <run_address>0x3aca</run_address>
         <size>0x2a</size>
         <input_file_ref idref="fl-ef"/>
      </object_component>
      <object_component id="oc-1b1">
         <name>.text</name>
         <load_address>0x3af4</load_address>
         <run_address>0x3af4</run_address>
         <size>0x24</size>
         <input_file_ref idref="fl-ec"/>
      </object_component>
      <object_component id="oc-240">
         <name>.text</name>
         <load_address>0x3b18</load_address>
         <run_address>0x3b18</run_address>
         <size>0x1c</size>
         <input_file_ref idref="fl-e7"/>
      </object_component>
      <object_component id="oc-75">
         <name>.text</name>
         <load_address>0x3b34</load_address>
         <run_address>0x3b34</run_address>
         <size>0x18</size>
         <input_file_ref idref="fl-dc"/>
      </object_component>
      <object_component id="oc-2e3">
         <name>.text</name>
         <load_address>0x3b4c</load_address>
         <run_address>0x3b4c</run_address>
         <size>0x18</size>
         <input_file_ref idref="fl-f7"/>
      </object_component>
      <object_component id="oc-29c">
         <name>.text</name>
         <load_address>0x3b64</load_address>
         <run_address>0x3b64</run_address>
         <size>0x18</size>
         <input_file_ref idref="fl-ee"/>
      </object_component>
      <object_component id="oc-23a">
         <name>.text</name>
         <load_address>0x3b7c</load_address>
         <run_address>0x3b7c</run_address>
         <size>0x16</size>
         <input_file_ref idref="fl-eb"/>
      </object_component>
      <object_component id="oc-122">
         <name>.text</name>
         <load_address>0x3b94</load_address>
         <run_address>0x3b94</run_address>
         <size>0x14</size>
         <input_file_ref idref="fl-d9"/>
      </object_component>
      <object_component id="oc-286">
         <name>.text</name>
         <load_address>0x3ba8</load_address>
         <run_address>0x3ba8</run_address>
         <size>0x14</size>
         <input_file_ref idref="fl-f8"/>
      </object_component>
      <object_component id="oc-163">
         <name>.text</name>
         <load_address>0x3bbc</load_address>
         <run_address>0x3bbc</run_address>
         <size>0x14</size>
         <input_file_ref idref="fl-d5"/>
      </object_component>
      <object_component id="oc-1ff">
         <name>.text</name>
         <load_address>0x3bd0</load_address>
         <run_address>0x3bd0</run_address>
         <size>0x14</size>
         <input_file_ref idref="fl-ed"/>
      </object_component>
      <object_component id="oc-16f">
         <name>.text</name>
         <load_address>0x3be4</load_address>
         <run_address>0x3be4</run_address>
         <size>0x10</size>
         <input_file_ref idref="fl-cd"/>
      </object_component>
      <object_component id="oc-108">
         <name>.text</name>
         <load_address>0x3bf4</load_address>
         <run_address>0x3bf4</run_address>
         <size>0x10</size>
         <input_file_ref idref="fl-d8"/>
      </object_component>
      <object_component id="oc-18">
         <name>.text:decompress:none</name>
         <load_address>0x3c04</load_address>
         <run_address>0x3c04</run_address>
         <size>0xe</size>
         <input_file_ref idref="fl-c9"/>
      </object_component>
      <object_component id="oc-2b">
         <name>.text</name>
         <load_address>0x3c12</load_address>
         <run_address>0x3c12</run_address>
         <size>0xc</size>
         <input_file_ref idref="fl-c"/>
      </object_component>
      <object_component id="oc-69">
         <name>.text</name>
         <load_address>0x3c1e</load_address>
         <run_address>0x3c1e</run_address>
         <size>0x4</size>
         <input_file_ref idref="fl-d1"/>
      </object_component>
      <object_component id="oc-158">
         <name>.const:.string:_ctypes_</name>
         <load_address>0x3c28</load_address>
         <run_address>0x3c28</run_address>
         <size>0x101</size>
         <input_file_ref idref="fl-cb"/>
      </object_component>
      <object_component id="oc-2ea">
         <name>.const:$O1$$</name>
         <load_address>0x3d30</load_address>
         <run_address>0x3d30</run_address>
         <size>0x98</size>
         <input_file_ref idref="fl-f0"/>
      </object_component>
      <object_component id="oc-1e4">
         <name>.const:daysInMonth</name>
         <load_address>0x3dc8</load_address>
         <run_address>0x3dc8</run_address>
         <size>0x60</size>
         <input_file_ref idref="fl-3"/>
      </object_component>
      <object_component id="oc-1e1">
         <name>.const:monthStrings</name>
         <load_address>0x3e28</load_address>
         <run_address>0x3e28</run_address>
         <size>0x24</size>
         <input_file_ref idref="fl-3"/>
      </object_component>
      <object_component id="oc-2c5">
         <name>.const:$O1$$</name>
         <load_address>0x3e4c</load_address>
         <run_address>0x3e4c</run_address>
         <size>0x10</size>
         <input_file_ref idref="fl-db"/>
      </object_component>
      <object_component id="oc-196">
         <name>.const:.string</name>
         <load_address>0x3e5c</load_address>
         <run_address>0x3e5c</run_address>
         <size>0xe</size>
         <input_file_ref idref="fl-2"/>
      </object_component>
      <object_component id="oc-1db">
         <name>.const:$P$T0$1</name>
         <load_address>0x3e6c</load_address>
         <run_address>0x3e6c</run_address>
         <size>0xc</size>
         <input_file_ref idref="fl-3"/>
      </object_component>
      <object_component id="oc-114">
         <name>.const:$P$T0$1</name>
         <load_address>0x3e78</load_address>
         <run_address>0x3e78</run_address>
         <size>0x8</size>
         <input_file_ref idref="fl-b"/>
      </object_component>
      <object_component id="oc-327">
         <name>.cinit..data.load</name>
         <load_address>0x3e80</load_address>
         <run_address>0x3e80</run_address>
         <size>0x2b</size>
      </object_component>
      <object_component id="oc-325">
         <name>__TI_handler_table</name>
         <load_address>0x3eac</load_address>
         <run_address>0x3eac</run_address>
         <size>0x8</size>
      </object_component>
      <object_component id="oc-326">
         <name>__TI_cinit_table</name>
         <load_address>0x3eb4</load_address>
         <run_address>0x3eb4</run_address>
         <size>0x8</size>
      </object_component>
      <object_component id="oc-153">
         <name>.data:commandTable</name>
         <load_address>0x20000864</load_address>
         <run_address>0x20000864</run_address>
         <size>0x24</size>
         <input_file_ref idref="fl-2"/>
      </object_component>
      <object_component id="oc-1de">
         <name>.data:currentDate</name>
         <load_address>0x200008a4</load_address>
         <run_address>0x200008a4</run_address>
         <size>0xc</size>
         <input_file_ref idref="fl-3"/>
      </object_component>
      <object_component id="oc-148">
         <name>.data:holdingBuf</name>
         <load_address>0x20000810</load_address>
         <run_address>0x20000810</run_address>
         <size>0x54</size>
         <input_file_ref idref="fl-4"/>
      </object_component>
      <object_component id="oc-d5">
         <name>.data:intQueues</name>
         <load_address>0x20000000</load_address>
         <run_address>0x20000000</run_address>
         <size>0x810</size>
         <input_file_ref idref="fl-5"/>
      </object_component>
      <object_component id="oc-8c">
         <name>.data:sysInt</name>
         <load_address>0x200008c8</load_address>
         <run_address>0x200008c8</run_address>
         <size>0x8</size>
         <input_file_ref idref="fl-6"/>
      </object_component>
      <object_component id="oc-17b">
         <name>.data:time</name>
         <load_address>0x20000888</load_address>
         <run_address>0x20000888</run_address>
         <size>0x10</size>
         <input_file_ref idref="fl-7"/>
      </object_component>
      <object_component id="oc-90">
         <name>.data:Data</name>
         <load_address>0x200008b8</load_address>
         <run_address>0x200008b8</run_address>
         <size>0x8</size>
         <input_file_ref idref="fl-8"/>
      </object_component>
      <object_component id="oc-143">
         <name>.data:out</name>
         <load_address>0x200008c0</load_address>
         <run_address>0x200008c0</run_address>
         <size>0x8</size>
         <input_file_ref idref="fl-9"/>
      </object_component>
      <object_component id="oc-ca">
         <name>.data:$O1$$</name>
         <load_address>0x20000898</load_address>
         <run_address>0x20000898</run_address>
         <size>0xc</size>
         <input_file_ref idref="fl-cc"/>
      </object_component>
      <object_component id="oc-81">
         <name>.data</name>
         <load_address>0x200008d4</load_address>
         <run_address>0x200008d4</run_address>
         <size>0x4</size>
         <input_file_ref idref="fl-d4"/>
      </object_component>
      <object_component id="oc-1b7">
         <name>.data</name>
         <load_address>0x200008d8</load_address>
         <run_address>0x200008d8</run_address>
         <size>0x4</size>
         <input_file_ref idref="fl-d7"/>
      </object_component>
      <object_component id="oc-cd">
         <name>.data:$O1$$</name>
         <load_address>0x200008b0</load_address>
         <run_address>0x200008b0</run_address>
         <size>0x8</size>
         <input_file_ref idref="fl-d9"/>
      </object_component>
      <object_component id="oc-28c">
         <name>.data</name>
         <load_address>0x200008d0</load_address>
         <run_address>0x200008d0</run_address>
         <size>0x4</size>
         <input_file_ref idref="fl-f6"/>
      </object_component>
      <object_component id="oc-2a">
         <name>.stack</name>
         <uninitialized>true</uninitialized>
         <run_address>0x200008dc</run_address>
         <size>0x0</size>
         <input_file_ref idref="fl-c7"/>
      </object_component>
      <object_component id="oc-328">
         <name>.stack</name>
         <uninitialized>true</uninitialized>
         <run_address>0x200008dc</run_address>
         <size>0x0</size>
      </object_component>
      <object_component id="oc-157">
         <name>.debug_info</name>
         <load_address>0x0</load_address>
         <run_address>0x0</run_address>
         <size>0x2f4</size>
         <input_file_ref idref="fl-2"/>
      </object_component>
      <object_component id="oc-154">
         <name>.debug_info</name>
         <load_address>0x2f4</load_address>
         <run_address>0x2f4</run_address>
         <size>0xd8</size>
         <input_file_ref idref="fl-2"/>
      </object_component>
      <object_component id="oc-103">
         <name>.debug_info</name>
         <load_address>0x3cc</load_address>
         <run_address>0x3cc</run_address>
         <size>0x154</size>
         <input_file_ref idref="fl-2"/>
      </object_component>
      <object_component id="oc-46">
         <name>.debug_info</name>
         <load_address>0x520</load_address>
         <run_address>0x520</run_address>
         <size>0x84</size>
         <input_file_ref idref="fl-2"/>
      </object_component>
      <object_component id="oc-ab">
         <name>.debug_info</name>
         <load_address>0x5a4</load_address>
         <run_address>0x5a4</run_address>
         <size>0x2c</size>
         <input_file_ref idref="fl-2"/>
      </object_component>
      <object_component id="oc-1a1">
         <name>.debug_info</name>
         <load_address>0x5d0</load_address>
         <run_address>0x5d0</run_address>
         <size>0x76</size>
         <input_file_ref idref="fl-2"/>
      </object_component>
      <object_component id="oc-1e9">
         <name>.debug_info</name>
         <load_address>0x646</load_address>
         <run_address>0x646</run_address>
         <size>0x76</size>
         <input_file_ref idref="fl-2"/>
      </object_component>
      <object_component id="oc-1e8">
         <name>.debug_info</name>
         <load_address>0x6bc</load_address>
         <run_address>0x6bc</run_address>
         <size>0x3c4</size>
         <input_file_ref idref="fl-3"/>
      </object_component>
      <object_component id="oc-1e2">
         <name>.debug_info</name>
         <load_address>0xa80</load_address>
         <run_address>0xa80</run_address>
         <size>0xd0</size>
         <input_file_ref idref="fl-3"/>
      </object_component>
      <object_component id="oc-1e5">
         <name>.debug_info</name>
         <load_address>0xb50</load_address>
         <run_address>0xb50</run_address>
         <size>0xce</size>
         <input_file_ref idref="fl-3"/>
      </object_component>
      <object_component id="oc-1df">
         <name>.debug_info</name>
         <load_address>0xc1e</load_address>
         <run_address>0xc1e</run_address>
         <size>0xce</size>
         <input_file_ref idref="fl-3"/>
      </object_component>
      <object_component id="oc-1dc">
         <name>.debug_info</name>
         <load_address>0xcec</load_address>
         <run_address>0xcec</run_address>
         <size>0xc5</size>
         <input_file_ref idref="fl-3"/>
      </object_component>
      <object_component id="oc-198">
         <name>.debug_info</name>
         <load_address>0xdb1</load_address>
         <run_address>0xdb1</run_address>
         <size>0x36b</size>
         <input_file_ref idref="fl-3"/>
      </object_component>
      <object_component id="oc-1c6">
         <name>.debug_info</name>
         <load_address>0x111c</load_address>
         <run_address>0x111c</run_address>
         <size>0x4e</size>
         <input_file_ref idref="fl-3"/>
      </object_component>
      <object_component id="oc-14c">
         <name>.debug_info</name>
         <load_address>0x116a</load_address>
         <run_address>0x116a</run_address>
         <size>0x25e</size>
         <input_file_ref idref="fl-4"/>
      </object_component>
      <object_component id="oc-149">
         <name>.debug_info</name>
         <load_address>0x13c8</load_address>
         <run_address>0x13c8</run_address>
         <size>0xd5</size>
         <input_file_ref idref="fl-4"/>
      </object_component>
      <object_component id="oc-ff">
         <name>.debug_info</name>
         <load_address>0x149d</load_address>
         <run_address>0x149d</run_address>
         <size>0x1d0</size>
         <input_file_ref idref="fl-4"/>
      </object_component>
      <object_component id="oc-18d">
         <name>.debug_info</name>
         <load_address>0x166d</load_address>
         <run_address>0x166d</run_address>
         <size>0x62</size>
         <input_file_ref idref="fl-4"/>
      </object_component>
      <object_component id="oc-de">
         <name>.debug_info</name>
         <load_address>0x16cf</load_address>
         <run_address>0x16cf</run_address>
         <size>0x28e</size>
         <input_file_ref idref="fl-5"/>
      </object_component>
      <object_component id="oc-d6">
         <name>.debug_info</name>
         <load_address>0x195d</load_address>
         <run_address>0x195d</run_address>
         <size>0xcb</size>
         <input_file_ref idref="fl-5"/>
      </object_component>
      <object_component id="oc-88">
         <name>.debug_info</name>
         <load_address>0x1a28</load_address>
         <run_address>0x1a28</run_address>
         <size>0x1fd</size>
         <input_file_ref idref="fl-5"/>
      </object_component>
      <object_component id="oc-d9">
         <name>.debug_info</name>
         <load_address>0x1c25</load_address>
         <run_address>0x1c25</run_address>
         <size>0x62</size>
         <input_file_ref idref="fl-5"/>
      </object_component>
      <object_component id="oc-132">
         <name>.debug_info</name>
         <load_address>0x1c87</load_address>
         <run_address>0x1c87</run_address>
         <size>0x79</size>
         <input_file_ref idref="fl-5"/>
      </object_component>
      <object_component id="oc-8d">
         <name>.debug_info</name>
         <load_address>0x1d00</load_address>
         <run_address>0x1d00</run_address>
         <size>0xc7</size>
         <input_file_ref idref="fl-6"/>
      </object_component>
      <object_component id="oc-32">
         <name>.debug_info</name>
         <load_address>0x1dc7</load_address>
         <run_address>0x1dc7</run_address>
         <size>0x2e7</size>
         <input_file_ref idref="fl-6"/>
      </object_component>
      <object_component id="oc-17f">
         <name>.debug_info</name>
         <load_address>0x20ae</load_address>
         <run_address>0x20ae</run_address>
         <size>0x3eb</size>
         <input_file_ref idref="fl-7"/>
      </object_component>
      <object_component id="oc-17c">
         <name>.debug_info</name>
         <load_address>0x2499</load_address>
         <run_address>0x2499</run_address>
         <size>0xc0</size>
         <input_file_ref idref="fl-7"/>
      </object_component>
      <object_component id="oc-110">
         <name>.debug_info</name>
         <load_address>0x2559</load_address>
         <run_address>0x2559</run_address>
         <size>0x554</size>
         <input_file_ref idref="fl-7"/>
      </object_component>
      <object_component id="oc-94">
         <name>.debug_info</name>
         <load_address>0x2aad</load_address>
         <run_address>0x2aad</run_address>
         <size>0x2b2</size>
         <input_file_ref idref="fl-8"/>
      </object_component>
      <object_component id="oc-91">
         <name>.debug_info</name>
         <load_address>0x2d5f</load_address>
         <run_address>0x2d5f</run_address>
         <size>0xc0</size>
         <input_file_ref idref="fl-8"/>
      </object_component>
      <object_component id="oc-38">
         <name>.debug_info</name>
         <load_address>0x2e1f</load_address>
         <run_address>0x2e1f</run_address>
         <size>0x309</size>
         <input_file_ref idref="fl-8"/>
      </object_component>
      <object_component id="oc-147">
         <name>.debug_info</name>
         <load_address>0x3128</load_address>
         <run_address>0x3128</run_address>
         <size>0x2b7</size>
         <input_file_ref idref="fl-9"/>
      </object_component>
      <object_component id="oc-144">
         <name>.debug_info</name>
         <load_address>0x33df</load_address>
         <run_address>0x33df</run_address>
         <size>0xc3</size>
         <input_file_ref idref="fl-9"/>
      </object_component>
      <object_component id="oc-fa">
         <name>.debug_info</name>
         <load_address>0x34a2</load_address>
         <run_address>0x34a2</run_address>
         <size>0x246</size>
         <input_file_ref idref="fl-9"/>
      </object_component>
      <object_component id="oc-118">
         <name>.debug_info</name>
         <load_address>0x36e8</load_address>
         <run_address>0x36e8</run_address>
         <size>0x4d3</size>
         <input_file_ref idref="fl-b"/>
      </object_component>
      <object_component id="oc-115">
         <name>.debug_info</name>
         <load_address>0x3bbb</load_address>
         <run_address>0x3bbb</run_address>
         <size>0xc5</size>
         <input_file_ref idref="fl-b"/>
      </object_component>
      <object_component id="oc-c4">
         <name>.debug_info</name>
         <load_address>0x3c80</load_address>
         <run_address>0x3c80</run_address>
         <size>0x249</size>
         <input_file_ref idref="fl-b"/>
      </object_component>
      <object_component id="oc-3f">
         <name>.debug_info</name>
         <load_address>0x3ec9</load_address>
         <run_address>0x3ec9</run_address>
         <size>0x2e0</size>
         <input_file_ref idref="fl-c"/>
      </object_component>
      <object_component id="oc-10">
         <name>.debug_info</name>
         <load_address>0x41a9</load_address>
         <run_address>0x41a9</run_address>
         <size>0xe5</size>
         <input_file_ref idref="fl-c"/>
      </object_component>
      <object_component id="oc-2d">
         <name>.debug_info</name>
         <load_address>0x428e</load_address>
         <run_address>0x428e</run_address>
         <size>0x264</size>
         <input_file_ref idref="fl-c"/>
      </object_component>
      <object_component id="oc-97">
         <name>.debug_info</name>
         <load_address>0x44f2</load_address>
         <run_address>0x44f2</run_address>
         <size>0x18b</size>
         <input_file_ref idref="fl-c"/>
      </object_component>
      <object_component id="oc-1ce">
         <name>.debug_info</name>
         <load_address>0x467d</load_address>
         <run_address>0x467d</run_address>
         <size>0x2ae</size>
         <input_file_ref idref="fl-c6"/>
      </object_component>
      <object_component id="oc-176">
         <name>.debug_info</name>
         <load_address>0x492b</load_address>
         <run_address>0x492b</run_address>
         <size>0x171</size>
         <input_file_ref idref="fl-c6"/>
      </object_component>
      <object_component id="oc-27">
         <name>.debug_info</name>
         <load_address>0x4a9c</load_address>
         <run_address>0x4a9c</run_address>
         <size>0x160</size>
         <input_file_ref idref="fl-c7"/>
      </object_component>
      <object_component id="oc-a1">
         <name>.debug_info</name>
         <load_address>0x4bfc</load_address>
         <run_address>0x4bfc</run_address>
         <size>0x293</size>
         <input_file_ref idref="fl-c8"/>
      </object_component>
      <object_component id="oc-15">
         <name>.debug_info</name>
         <load_address>0x4e8f</load_address>
         <run_address>0x4e8f</run_address>
         <size>0x245</size>
         <input_file_ref idref="fl-c8"/>
      </object_component>
      <object_component id="oc-41">
         <name>.debug_info</name>
         <load_address>0x50d4</load_address>
         <run_address>0x50d4</run_address>
         <size>0x60</size>
         <input_file_ref idref="fl-c8"/>
      </object_component>
      <object_component id="oc-9c">
         <name>.debug_info</name>
         <load_address>0x5134</load_address>
         <run_address>0x5134</run_address>
         <size>0x46</size>
         <input_file_ref idref="fl-c8"/>
      </object_component>
      <object_component id="oc-56">
         <name>.debug_info</name>
         <load_address>0x517a</load_address>
         <run_address>0x517a</run_address>
         <size>0x2da</size>
         <input_file_ref idref="fl-c9"/>
      </object_component>
      <object_component id="oc-1c">
         <name>.debug_info</name>
         <load_address>0x5454</load_address>
         <run_address>0x5454</run_address>
         <size>0x1df</size>
         <input_file_ref idref="fl-c9"/>
      </object_component>
      <object_component id="oc-51">
         <name>.debug_info</name>
         <load_address>0x5633</load_address>
         <run_address>0x5633</run_address>
         <size>0x46</size>
         <input_file_ref idref="fl-c9"/>
      </object_component>
      <object_component id="oc-a3">
         <name>.debug_info</name>
         <load_address>0x5679</load_address>
         <run_address>0x5679</run_address>
         <size>0x2c</size>
         <input_file_ref idref="fl-c9"/>
      </object_component>
      <object_component id="oc-1a8">
         <name>.debug_info</name>
         <load_address>0x56a5</load_address>
         <run_address>0x56a5</run_address>
         <size>0xee</size>
         <input_file_ref idref="fl-cb"/>
      </object_component>
      <object_component id="oc-159">
         <name>.debug_info</name>
         <load_address>0x5793</load_address>
         <run_address>0x5793</run_address>
         <size>0xfa</size>
         <input_file_ref idref="fl-cb"/>
      </object_component>
      <object_component id="oc-d1">
         <name>.debug_info</name>
         <load_address>0x588d</load_address>
         <run_address>0x588d</run_address>
         <size>0x3ce</size>
         <input_file_ref idref="fl-cc"/>
      </object_component>
      <object_component id="oc-cb">
         <name>.debug_info</name>
         <load_address>0x5c5b</load_address>
         <run_address>0x5c5b</run_address>
         <size>0x185</size>
         <input_file_ref idref="fl-cc"/>
      </object_component>
      <object_component id="oc-7c">
         <name>.debug_info</name>
         <load_address>0x5de0</load_address>
         <run_address>0x5de0</run_address>
         <size>0x214</size>
         <input_file_ref idref="fl-cc"/>
      </object_component>
      <object_component id="oc-1cc">
         <name>.debug_info</name>
         <load_address>0x5ff4</load_address>
         <run_address>0x5ff4</run_address>
         <size>0x2ab</size>
         <input_file_ref idref="fl-cd"/>
      </object_component>
      <object_component id="oc-171">
         <name>.debug_info</name>
         <load_address>0x629f</load_address>
         <run_address>0x629f</run_address>
         <size>0x149</size>
         <input_file_ref idref="fl-cd"/>
      </object_component>
      <object_component id="oc-4e">
         <name>.debug_info</name>
         <load_address>0x63e8</load_address>
         <run_address>0x63e8</run_address>
         <size>0x111</size>
         <input_file_ref idref="fl-ce"/>
      </object_component>
      <object_component id="oc-59">
         <name>.debug_info</name>
         <load_address>0x64f9</load_address>
         <run_address>0x64f9</run_address>
         <size>0x13f</size>
         <input_file_ref idref="fl-cf"/>
      </object_component>
      <object_component id="oc-65">
         <name>.debug_info</name>
         <load_address>0x6638</load_address>
         <run_address>0x6638</run_address>
         <size>0x138</size>
         <input_file_ref idref="fl-d0"/>
      </object_component>
      <object_component id="oc-6c">
         <name>.debug_info</name>
         <load_address>0x6770</load_address>
         <run_address>0x6770</run_address>
         <size>0x148</size>
         <input_file_ref idref="fl-d1"/>
      </object_component>
      <object_component id="oc-1c5">
         <name>.debug_info</name>
         <load_address>0x68b8</load_address>
         <run_address>0x68b8</run_address>
         <size>0x355</size>
         <input_file_ref idref="fl-d2"/>
      </object_component>
      <object_component id="oc-16a">
         <name>.debug_info</name>
         <load_address>0x6c0d</load_address>
         <run_address>0x6c0d</run_address>
         <size>0x2e4</size>
         <input_file_ref idref="fl-d2"/>
      </object_component>
      <object_component id="oc-252">
         <name>.debug_info</name>
         <load_address>0x6ef1</load_address>
         <run_address>0x6ef1</run_address>
         <size>0x2c</size>
         <input_file_ref idref="fl-d2"/>
      </object_component>
      <object_component id="oc-264">
         <name>.debug_info</name>
         <load_address>0x6f1d</load_address>
         <run_address>0x6f1d</run_address>
         <size>0x36f</size>
         <input_file_ref idref="fl-d3"/>
      </object_component>
      <object_component id="oc-1d7">
         <name>.debug_info</name>
         <load_address>0x728c</load_address>
         <run_address>0x728c</run_address>
         <size>0x40a</size>
         <input_file_ref idref="fl-d3"/>
      </object_component>
      <object_component id="oc-82">
         <name>.debug_info</name>
         <load_address>0x7696</load_address>
         <run_address>0x7696</run_address>
         <size>0x109</size>
         <input_file_ref idref="fl-d4"/>
      </object_component>
      <object_component id="oc-1bd">
         <name>.debug_info</name>
         <load_address>0x779f</load_address>
         <run_address>0x779f</run_address>
         <size>0x28a</size>
         <input_file_ref idref="fl-d5"/>
      </object_component>
      <object_component id="oc-164">
         <name>.debug_info</name>
         <load_address>0x7a29</load_address>
         <run_address>0x7a29</run_address>
         <size>0x231</size>
         <input_file_ref idref="fl-d5"/>
      </object_component>
      <object_component id="oc-195">
         <name>.debug_info</name>
         <load_address>0x7c5a</load_address>
         <run_address>0x7c5a</run_address>
         <size>0x285</size>
         <input_file_ref idref="fl-d6"/>
      </object_component>
      <object_component id="oc-150">
         <name>.debug_info</name>
         <load_address>0x7edf</load_address>
         <run_address>0x7edf</run_address>
         <size>0x289</size>
         <input_file_ref idref="fl-d6"/>
      </object_component>
      <object_component id="oc-1bb">
         <name>.debug_info</name>
         <load_address>0x8168</load_address>
         <run_address>0x8168</run_address>
         <size>0x2df</size>
         <input_file_ref idref="fl-d7"/>
      </object_component>
      <object_component id="oc-1b8">
         <name>.debug_info</name>
         <load_address>0x8447</load_address>
         <run_address>0x8447</run_address>
         <size>0xfa</size>
         <input_file_ref idref="fl-d7"/>
      </object_component>
      <object_component id="oc-15e">
         <name>.debug_info</name>
         <load_address>0x8541</load_address>
         <run_address>0x8541</run_address>
         <size>0x1a0</size>
         <input_file_ref idref="fl-d7"/>
      </object_component>
      <object_component id="oc-15c">
         <name>.debug_info</name>
         <load_address>0x86e1</load_address>
         <run_address>0x86e1</run_address>
         <size>0x2ab</size>
         <input_file_ref idref="fl-d8"/>
      </object_component>
      <object_component id="oc-10c">
         <name>.debug_info</name>
         <load_address>0x898c</load_address>
         <run_address>0x898c</run_address>
         <size>0x149</size>
         <input_file_ref idref="fl-d8"/>
      </object_component>
      <object_component id="oc-12a">
         <name>.debug_info</name>
         <load_address>0x8ad5</load_address>
         <run_address>0x8ad5</run_address>
         <size>0x2be</size>
         <input_file_ref idref="fl-d9"/>
      </object_component>
      <object_component id="oc-ce">
         <name>.debug_info</name>
         <load_address>0x8d93</load_address>
         <run_address>0x8d93</run_address>
         <size>0x113</size>
         <input_file_ref idref="fl-d9"/>
      </object_component>
      <object_component id="oc-126">
         <name>.debug_info</name>
         <load_address>0x8ea6</load_address>
         <run_address>0x8ea6</run_address>
         <size>0x21f</size>
         <input_file_ref idref="fl-d9"/>
      </object_component>
      <object_component id="oc-247">
         <name>.debug_info</name>
         <load_address>0x90c5</load_address>
         <run_address>0x90c5</run_address>
         <size>0x51f</size>
         <input_file_ref idref="fl-da"/>
      </object_component>
      <object_component id="oc-1c0">
         <name>.debug_info</name>
         <load_address>0x95e4</load_address>
         <run_address>0x95e4</run_address>
         <size>0x1543</size>
         <input_file_ref idref="fl-da"/>
      </object_component>
      <object_component id="oc-248">
         <name>.debug_info</name>
         <load_address>0xab27</load_address>
         <run_address>0xab27</run_address>
         <size>0x86</size>
         <input_file_ref idref="fl-da"/>
      </object_component>
      <object_component id="oc-297">
         <name>.debug_info</name>
         <load_address>0xabad</load_address>
         <run_address>0xabad</run_address>
         <size>0x46</size>
         <input_file_ref idref="fl-da"/>
      </object_component>
      <object_component id="oc-24d">
         <name>.debug_info</name>
         <load_address>0xabf3</load_address>
         <run_address>0xabf3</run_address>
         <size>0x39</size>
         <input_file_ref idref="fl-da"/>
      </object_component>
      <object_component id="oc-2c7">
         <name>.debug_info</name>
         <load_address>0xac2c</load_address>
         <run_address>0xac2c</run_address>
         <size>0x5cf</size>
         <input_file_ref idref="fl-db"/>
      </object_component>
      <object_component id="oc-260">
         <name>.debug_info</name>
         <load_address>0xb1fb</load_address>
         <run_address>0xb1fb</run_address>
         <size>0x821</size>
         <input_file_ref idref="fl-db"/>
      </object_component>
      <object_component id="oc-2c9">
         <name>.debug_info</name>
         <load_address>0xba1c</load_address>
         <run_address>0xba1c</run_address>
         <size>0x9a</size>
         <input_file_ref idref="fl-db"/>
      </object_component>
      <object_component id="oc-c9">
         <name>.debug_info</name>
         <load_address>0xbab6</load_address>
         <run_address>0xbab6</run_address>
         <size>0x300</size>
         <input_file_ref idref="fl-dc"/>
      </object_component>
      <object_component id="oc-77">
         <name>.debug_info</name>
         <load_address>0xbdb6</load_address>
         <run_address>0xbdb6</run_address>
         <size>0x167</size>
         <input_file_ref idref="fl-dc"/>
      </object_component>
      <object_component id="oc-11b">
         <name>.debug_info</name>
         <load_address>0xbf1d</load_address>
         <run_address>0xbf1d</run_address>
         <size>0x5e</size>
         <input_file_ref idref="fl-dc"/>
      </object_component>
      <object_component id="oc-c1">
         <name>.debug_info</name>
         <load_address>0xbf7b</load_address>
         <run_address>0xbf7b</run_address>
         <size>0x483</size>
         <input_file_ref idref="fl-dd"/>
      </object_component>
      <object_component id="oc-72">
         <name>.debug_info</name>
         <load_address>0xc3fe</load_address>
         <run_address>0xc3fe</run_address>
         <size>0x190</size>
         <input_file_ref idref="fl-dd"/>
      </object_component>
      <object_component id="oc-ec">
         <name>.debug_info</name>
         <load_address>0xc58e</load_address>
         <run_address>0xc58e</run_address>
         <size>0x39</size>
         <input_file_ref idref="fl-dd"/>
      </object_component>
      <object_component id="oc-13e">
         <name>.debug_info</name>
         <load_address>0xc5c7</load_address>
         <run_address>0xc5c7</run_address>
         <size>0x39</size>
         <input_file_ref idref="fl-dd"/>
      </object_component>
      <object_component id="oc-f1">
         <name>.debug_info</name>
         <load_address>0xc600</load_address>
         <run_address>0xc600</run_address>
         <size>0xcd</size>
         <input_file_ref idref="fl-dd"/>
      </object_component>
      <object_component id="oc-e8">
         <name>.debug_info</name>
         <load_address>0xc6cd</load_address>
         <run_address>0xc6cd</run_address>
         <size>0x37a</size>
         <input_file_ref idref="fl-de"/>
      </object_component>
      <object_component id="oc-b6">
         <name>.debug_info</name>
         <load_address>0xca47</load_address>
         <run_address>0xca47</run_address>
         <size>0x183</size>
         <input_file_ref idref="fl-de"/>
      </object_component>
      <object_component id="oc-139">
         <name>.debug_info</name>
         <load_address>0xcbca</load_address>
         <run_address>0xcbca</run_address>
         <size>0x2c</size>
         <input_file_ref idref="fl-de"/>
      </object_component>
      <object_component id="oc-22a">
         <name>.debug_info</name>
         <load_address>0xcbf6</load_address>
         <run_address>0xcbf6</run_address>
         <size>0x144</size>
         <input_file_ref idref="fl-df"/>
      </object_component>
      <object_component id="oc-207">
         <name>.debug_info</name>
         <load_address>0xcd3a</load_address>
         <run_address>0xcd3a</run_address>
         <size>0x120</size>
         <input_file_ref idref="fl-e0"/>
      </object_component>
      <object_component id="oc-216">
         <name>.debug_info</name>
         <load_address>0xce5a</load_address>
         <run_address>0xce5a</run_address>
         <size>0x122</size>
         <input_file_ref idref="fl-e0"/>
      </object_component>
      <object_component id="oc-210">
         <name>.debug_info</name>
         <load_address>0xcf7c</load_address>
         <run_address>0xcf7c</run_address>
         <size>0x132</size>
         <input_file_ref idref="fl-e1"/>
      </object_component>
      <object_component id="oc-20c">
         <name>.debug_info</name>
         <load_address>0xd0ae</load_address>
         <run_address>0xd0ae</run_address>
         <size>0x132</size>
         <input_file_ref idref="fl-e2"/>
      </object_component>
      <object_component id="oc-21a">
         <name>.debug_info</name>
         <load_address>0xd1e0</load_address>
         <run_address>0xd1e0</run_address>
         <size>0x126</size>
         <input_file_ref idref="fl-e3"/>
      </object_component>
      <object_component id="oc-2b7">
         <name>.debug_info</name>
         <load_address>0xd306</load_address>
         <run_address>0xd306</run_address>
         <size>0x136</size>
         <input_file_ref idref="fl-e4"/>
      </object_component>
      <object_component id="oc-225">
         <name>.debug_info</name>
         <load_address>0xd43c</load_address>
         <run_address>0xd43c</run_address>
         <size>0x124</size>
         <input_file_ref idref="fl-e5"/>
      </object_component>
      <object_component id="oc-27c">
         <name>.debug_info</name>
         <load_address>0xd560</load_address>
         <run_address>0xd560</run_address>
         <size>0x2e6</size>
         <input_file_ref idref="fl-e6"/>
      </object_component>
      <object_component id="oc-220">
         <name>.debug_info</name>
         <load_address>0xd846</load_address>
         <run_address>0xd846</run_address>
         <size>0x1c2</size>
         <input_file_ref idref="fl-e6"/>
      </object_component>
      <object_component id="oc-294">
         <name>.debug_info</name>
         <load_address>0xda08</load_address>
         <run_address>0xda08</run_address>
         <size>0x28b</size>
         <input_file_ref idref="fl-e7"/>
      </object_component>
      <object_component id="oc-241">
         <name>.debug_info</name>
         <load_address>0xdc93</load_address>
         <run_address>0xdc93</run_address>
         <size>0x1ab</size>
         <input_file_ref idref="fl-e7"/>
      </object_component>
      <object_component id="oc-280">
         <name>.debug_info</name>
         <load_address>0xde3e</load_address>
         <run_address>0xde3e</run_address>
         <size>0x2d9</size>
         <input_file_ref idref="fl-e8"/>
      </object_component>
      <object_component id="oc-232">
         <name>.debug_info</name>
         <load_address>0xe117</load_address>
         <run_address>0xe117</run_address>
         <size>0x18a</size>
         <input_file_ref idref="fl-e8"/>
      </object_component>
      <object_component id="oc-281">
         <name>.debug_info</name>
         <load_address>0xe2a1</load_address>
         <run_address>0xe2a1</run_address>
         <size>0x2c</size>
         <input_file_ref idref="fl-e8"/>
      </object_component>
      <object_component id="oc-290">
         <name>.debug_info</name>
         <load_address>0xe2cd</load_address>
         <run_address>0xe2cd</run_address>
         <size>0x316</size>
         <input_file_ref idref="fl-e9"/>
      </object_component>
      <object_component id="oc-235">
         <name>.debug_info</name>
         <load_address>0xe5e3</load_address>
         <run_address>0xe5e3</run_address>
         <size>0x1d5</size>
         <input_file_ref idref="fl-e9"/>
      </object_component>
      <object_component id="oc-bb">
         <name>.debug_info</name>
         <load_address>0xe7b8</load_address>
         <run_address>0xe7b8</run_address>
         <size>0x145</size>
         <input_file_ref idref="fl-ea"/>
      </object_component>
      <object_component id="oc-292">
         <name>.debug_info</name>
         <load_address>0xe8fd</load_address>
         <run_address>0xe8fd</run_address>
         <size>0x28f</size>
         <input_file_ref idref="fl-eb"/>
      </object_component>
      <object_component id="oc-23b">
         <name>.debug_info</name>
         <load_address>0xeb8c</load_address>
         <run_address>0xeb8c</run_address>
         <size>0x244</size>
         <input_file_ref idref="fl-eb"/>
      </object_component>
      <object_component id="oc-1f3">
         <name>.debug_info</name>
         <load_address>0xedd0</load_address>
         <run_address>0xedd0</run_address>
         <size>0x285</size>
         <input_file_ref idref="fl-ec"/>
      </object_component>
      <object_component id="oc-1b2">
         <name>.debug_info</name>
         <load_address>0xf055</load_address>
         <run_address>0xf055</run_address>
         <size>0x18d</size>
         <input_file_ref idref="fl-ec"/>
      </object_component>
      <object_component id="oc-275">
         <name>.debug_info</name>
         <load_address>0xf1e2</load_address>
         <run_address>0xf1e2</run_address>
         <size>0x284</size>
         <input_file_ref idref="fl-ed"/>
      </object_component>
      <object_component id="oc-200">
         <name>.debug_info</name>
         <load_address>0xf466</load_address>
         <run_address>0xf466</run_address>
         <size>0x22a</size>
         <input_file_ref idref="fl-ed"/>
      </object_component>
      <object_component id="oc-2e0">
         <name>.debug_info</name>
         <load_address>0xf690</load_address>
         <run_address>0xf690</run_address>
         <size>0x28b</size>
         <input_file_ref idref="fl-ee"/>
      </object_component>
      <object_component id="oc-29f">
         <name>.debug_info</name>
         <load_address>0xf91b</load_address>
         <run_address>0xf91b</run_address>
         <size>0x248</size>
         <input_file_ref idref="fl-ee"/>
      </object_component>
      <object_component id="oc-1f1">
         <name>.debug_info</name>
         <load_address>0xfb63</load_address>
         <run_address>0xfb63</run_address>
         <size>0x28a</size>
         <input_file_ref idref="fl-ef"/>
      </object_component>
      <object_component id="oc-1ad">
         <name>.debug_info</name>
         <load_address>0xfded</load_address>
         <run_address>0xfded</run_address>
         <size>0x1b8</size>
         <input_file_ref idref="fl-ef"/>
      </object_component>
      <object_component id="oc-2ee">
         <name>.debug_info</name>
         <load_address>0xffa5</load_address>
         <run_address>0xffa5</run_address>
         <size>0x3f7</size>
         <input_file_ref idref="fl-f0"/>
      </object_component>
      <object_component id="oc-2eb">
         <name>.debug_info</name>
         <load_address>0x1039c</load_address>
         <run_address>0x1039c</run_address>
         <size>0x118</size>
         <input_file_ref idref="fl-f0"/>
      </object_component>
      <object_component id="oc-2b2">
         <name>.debug_info</name>
         <load_address>0x104b4</load_address>
         <run_address>0x104b4</run_address>
         <size>0x300</size>
         <input_file_ref idref="fl-f0"/>
      </object_component>
      <object_component id="oc-2f2">
         <name>.debug_info</name>
         <load_address>0x107b4</load_address>
         <run_address>0x107b4</run_address>
         <size>0x2dc</size>
         <input_file_ref idref="fl-f1"/>
      </object_component>
      <object_component id="oc-2bc">
         <name>.debug_info</name>
         <load_address>0x10a90</load_address>
         <run_address>0x10a90</run_address>
         <size>0x267</size>
         <input_file_ref idref="fl-f1"/>
      </object_component>
      <object_component id="oc-2f4">
         <name>.debug_info</name>
         <load_address>0x10cf7</load_address>
         <run_address>0x10cf7</run_address>
         <size>0x2dd</size>
         <input_file_ref idref="fl-f2"/>
      </object_component>
      <object_component id="oc-2c0">
         <name>.debug_info</name>
         <load_address>0x10fd4</load_address>
         <run_address>0x10fd4</run_address>
         <size>0x2ab</size>
         <input_file_ref idref="fl-f2"/>
      </object_component>
      <object_component id="oc-2e2">
         <name>.debug_info</name>
         <load_address>0x1127f</load_address>
         <run_address>0x1127f</run_address>
         <size>0x2dd</size>
         <input_file_ref idref="fl-f3"/>
      </object_component>
      <object_component id="oc-2a3">
         <name>.debug_info</name>
         <load_address>0x1155c</load_address>
         <run_address>0x1155c</run_address>
         <size>0x20d</size>
         <input_file_ref idref="fl-f3"/>
      </object_component>
      <object_component id="oc-2e9">
         <name>.debug_info</name>
         <load_address>0x11769</load_address>
         <run_address>0x11769</run_address>
         <size>0x2de</size>
         <input_file_ref idref="fl-f4"/>
      </object_component>
      <object_component id="oc-2a9">
         <name>.debug_info</name>
         <load_address>0x11a47</load_address>
         <run_address>0x11a47</run_address>
         <size>0x230</size>
         <input_file_ref idref="fl-f4"/>
      </object_component>
      <object_component id="oc-1fb">
         <name>.debug_info</name>
         <load_address>0x11c77</load_address>
         <run_address>0x11c77</run_address>
         <size>0x17d</size>
         <input_file_ref idref="fl-f5"/>
      </object_component>
      <object_component id="oc-28d">
         <name>.debug_info</name>
         <load_address>0x11df4</load_address>
         <run_address>0x11df4</run_address>
         <size>0xf3</size>
         <input_file_ref idref="fl-f6"/>
      </object_component>
      <object_component id="oc-2e6">
         <name>.debug_info</name>
         <load_address>0x11ee7</load_address>
         <run_address>0x11ee7</run_address>
         <size>0x11a</size>
         <input_file_ref idref="fl-f7"/>
      </object_component>
      <object_component id="oc-28a">
         <name>.debug_info</name>
         <load_address>0x12001</load_address>
         <run_address>0x12001</run_address>
         <size>0x156</size>
         <input_file_ref idref="fl-f8"/>
      </object_component>
      <object_component id="oc-329">
         <name>.debug_info</name>
         <load_address>0x12157</load_address>
         <run_address>0x12157</run_address>
         <size>0x9a</size>
      </object_component>
      <object_component id="oc-1a0">
         <name>.debug_line</name>
         <load_address>0x0</load_address>
         <run_address>0x0</run_address>
         <size>0x7f</size>
         <input_file_ref idref="fl-2"/>
      </object_component>
      <object_component id="oc-19e">
         <name>.debug_line</name>
         <load_address>0x7f</load_address>
         <run_address>0x7f</run_address>
         <size>0x35</size>
         <input_file_ref idref="fl-2"/>
      </object_component>
      <object_component id="oc-106">
         <name>.debug_line</name>
         <load_address>0xb4</load_address>
         <run_address>0xb4</run_address>
         <size>0x60</size>
         <input_file_ref idref="fl-2"/>
      </object_component>
      <object_component id="oc-49">
         <name>.debug_line</name>
         <load_address>0x114</load_address>
         <run_address>0x114</run_address>
         <size>0x20</size>
         <input_file_ref idref="fl-2"/>
      </object_component>
      <object_component id="oc-ae">
         <name>.debug_line</name>
         <load_address>0x134</load_address>
         <run_address>0x134</run_address>
         <size>0x65</size>
         <input_file_ref idref="fl-2"/>
      </object_component>
      <object_component id="oc-1a4">
         <name>.debug_line</name>
         <load_address>0x199</load_address>
         <run_address>0x199</run_address>
         <size>0x35</size>
         <input_file_ref idref="fl-2"/>
      </object_component>
      <object_component id="oc-1ec">
         <name>.debug_line</name>
         <load_address>0x1ce</load_address>
         <run_address>0x1ce</run_address>
         <size>0x2d</size>
         <input_file_ref idref="fl-2"/>
      </object_component>
      <object_component id="oc-26e">
         <name>.debug_line</name>
         <load_address>0x1fb</load_address>
         <run_address>0x1fb</run_address>
         <size>0xbb</size>
         <input_file_ref idref="fl-3"/>
      </object_component>
      <object_component id="oc-26a">
         <name>.debug_line</name>
         <load_address>0x2b6</load_address>
         <run_address>0x2b6</run_address>
         <size>0x2d</size>
         <input_file_ref idref="fl-3"/>
      </object_component>
      <object_component id="oc-26c">
         <name>.debug_line</name>
         <load_address>0x2e3</load_address>
         <run_address>0x2e3</run_address>
         <size>0x2d</size>
         <input_file_ref idref="fl-3"/>
      </object_component>
      <object_component id="oc-268">
         <name>.debug_line</name>
         <load_address>0x310</load_address>
         <run_address>0x310</run_address>
         <size>0x2d</size>
         <input_file_ref idref="fl-3"/>
      </object_component>
      <object_component id="oc-266">
         <name>.debug_line</name>
         <load_address>0x33d</load_address>
         <run_address>0x33d</run_address>
         <size>0x2d</size>
         <input_file_ref idref="fl-3"/>
      </object_component>
      <object_component id="oc-19b">
         <name>.debug_line</name>
         <load_address>0x36a</load_address>
         <run_address>0x36a</run_address>
         <size>0xac</size>
         <input_file_ref idref="fl-3"/>
      </object_component>
      <object_component id="oc-1c9">
         <name>.debug_line</name>
         <load_address>0x416</load_address>
         <run_address>0x416</run_address>
         <size>0x65</size>
         <input_file_ref idref="fl-3"/>
      </object_component>
      <object_component id="oc-193">
         <name>.debug_line</name>
         <load_address>0x47b</load_address>
         <run_address>0x47b</run_address>
         <size>0x20</size>
         <input_file_ref idref="fl-4"/>
      </object_component>
      <object_component id="oc-18c">
         <name>.debug_line</name>
         <load_address>0x49b</load_address>
         <run_address>0x49b</run_address>
         <size>0x36</size>
         <input_file_ref idref="fl-4"/>
      </object_component>
      <object_component id="oc-fe">
         <name>.debug_line</name>
         <load_address>0x4d1</load_address>
         <run_address>0x4d1</run_address>
         <size>0x8d</size>
         <input_file_ref idref="fl-4"/>
      </object_component>
      <object_component id="oc-190">
         <name>.debug_line</name>
         <load_address>0x55e</load_address>
         <run_address>0x55e</run_address>
         <size>0x36</size>
         <input_file_ref idref="fl-4"/>
      </object_component>
      <object_component id="oc-131">
         <name>.debug_line</name>
         <load_address>0x594</load_address>
         <run_address>0x594</run_address>
         <size>0x2d</size>
         <input_file_ref idref="fl-5"/>
      </object_component>
      <object_component id="oc-12f">
         <name>.debug_line</name>
         <load_address>0x5c1</load_address>
         <run_address>0x5c1</run_address>
         <size>0x2e</size>
         <input_file_ref idref="fl-5"/>
      </object_component>
      <object_component id="oc-87">
         <name>.debug_line</name>
         <load_address>0x5ef</load_address>
         <run_address>0x5ef</run_address>
         <size>0x7a</size>
         <input_file_ref idref="fl-5"/>
      </object_component>
      <object_component id="oc-dc">
         <name>.debug_line</name>
         <load_address>0x669</load_address>
[...]
         <object_component_ref idref="oc-102"/>
      </symbol>
      <symbol id="sm-56">
         <name>commandTable</name>
         <value>0x20000864</value>
         <object_component_ref idref="oc-153"/>
      </symbol>
      <symbol id="sm-9e">
         <name>currentDate</name>
         <value>0x200008a4</value>
         <object_component_ref idref="oc-1de"/>
      </symbol>
      <symbol id="sm-9f">
         <name>daysInMonth</name>
         <value>0x3dc8</value>
         <object_component_ref idref="oc-1e4"/>
      </symbol>
      <symbol id="sm-a0">
         <name>monthStrings</name>
         <value>0x3e28</value>
         <object_component_ref idref="oc-1e1"/>
      </symbol>
      <symbol id="sm-a1">
         <name>monthNumber</name>
         <value>0x26cd</value>
         <object_component_ref idref="oc-197"/>
      </symbol>
      <symbol id="sm-a2">
         <name>setDay</name>
         <value>0x2703</value>
         <object_component_ref idref="oc-197"/>
      </symbol>
      <symbol id="sm-a3">
         <name>setDate</name>
         <value>0x25f1</value>
         <object_component_ref idref="oc-197"/>
      </symbol>
      <symbol id="sm-c4">
         <name>add</name>
         <value>0x37f9</value>
         <object_component_ref idref="oc-fc"/>
      </symbol>
      <symbol id="sm-c5">
         <name>empty</name>
         <value>0x383b</value>
         <object_component_ref idref="oc-fc"/>
      </symbol>
      <symbol id="sm-c6">
         <name>holdingBuf</name>
         <value>0x20000810</value>
         <object_component_ref idref="oc-148"/>
      </symbol>
      <symbol id="sm-c7">
         <name>remove</name>
         <value>0x3823</value>
         <object_component_ref idref="oc-fc"/>
      </symbol>
      <symbol id="sm-ee">
         <name>enqueue</name>
         <value>0x2b79</value>
         <object_component_ref idref="oc-86"/>
      </symbol>
      <symbol id="sm-ef">
         <name>dequeue</name>
         <value>0x2c17</value>
         <object_component_ref idref="oc-86"/>
      </symbol>
      <symbol id="sm-f0">
         <name>intQueues</name>
         <value>0x20000000</value>
         <object_component_ref idref="oc-d5"/>
      </symbol>
      <symbol id="sm-109">
         <name>SysTickStart</name>
         <value>0x36d1</value>
         <object_component_ref idref="oc-31"/>
      </symbol>
      <symbol id="sm-10a">
         <name>SysTickStop</name>
         <value>0x36dd</value>
         <object_component_ref idref="oc-31"/>
      </symbol>
      <symbol id="sm-10b">
         <name>SysTickIntDisable</name>
         <value>0x3707</value>
         <object_component_ref idref="oc-31"/>
      </symbol>
      <symbol id="sm-10c">
         <name>SysTickHandler</name>
         <value>0x3713</value>
         <object_component_ref idref="oc-31"/>
      </symbol>
      <symbol id="sm-10d">
         <name>SysTickIntEnable</name>
         <value>0x36fb</value>
         <object_component_ref idref="oc-31"/>
      </symbol>
      <symbol id="sm-10e">
         <name>sysInt</name>
         <value>0x200008c8</value>
         <object_component_ref idref="oc-8c"/>
      </symbol>
      <symbol id="sm-10f">
         <name>SysTickPeriod</name>
         <value>0x36e9</value>
         <object_component_ref idref="oc-31"/>
      </symbol>
      <symbol id="sm-152">
         <name>printTime</name>
         <value>0x1d75</value>
         <object_component_ref idref="oc-10e"/>
      </symbol>
      <symbol id="sm-153">
         <name>myAtoi</name>
         <value>0x1dcb</value>
         <object_component_ref idref="oc-10e"/>
      </symbol>
      <symbol id="sm-154">
         <name>updateTenths</name>
         <value>0x1be1</value>
         <object_component_ref idref="oc-10e"/>
      </symbol>
      <symbol id="sm-155">
         <name>updateHours</name>
         <value>0x1c4d</value>
         <object_component_ref idref="oc-10e"/>
      </symbol>
      <symbol id="sm-156">
         <name>updateMinutes</name>
         <value>0x1c29</value>
         <object_component_ref idref="oc-10e"/>
      </symbol>
      <symbol id="sm-157">
         <name>setTime</name>
         <value>0x1c65</value>
         <object_component_ref idref="oc-10e"/>
      </symbol>
      <symbol id="sm-158">
         <name>displayTime</name>
         <value>0x1d51</value>
         <object_component_ref idref="oc-10e"/>
      </symbol>
      <symbol id="sm-159">
         <name>updateSeconds</name>
         <value>0x1c05</value>
         <object_component_ref idref="oc-10e"/>
      </symbol>
      <symbol id="sm-15a">
         <name>time</name>
         <value>0x20000888</value>
         <object_component_ref idref="oc-17b"/>
      </symbol>
      <symbol id="sm-18a">
         <name>UART0_IntHandler</name>
         <value>0x2847</value>
         <object_component_ref idref="oc-37"/>
      </symbol>
      <symbol id="sm-18b">
         <name>Data</name>
         <value>0x200008b8</value>
         <object_component_ref idref="oc-90"/>
      </symbol>
      <symbol id="sm-18c">
         <name>UART0_IntEnable</name>
         <value>0x2817</value>
         <object_component_ref idref="oc-37"/>
      </symbol>
      <symbol id="sm-18d">
         <name>UART0_Init</name>
         <value>0x2789</value>
         <object_component_ref idref="oc-37"/>
      </symbol>
      <symbol id="sm-18e">
         <name>InterruptEnable</name>
         <value>0x27e7</value>
         <object_component_ref idref="oc-37"/>
      </symbol>
      <symbol id="sm-18f">
         <name>forceOutput</name>
         <value>0x282b</value>
         <object_component_ref idref="oc-37"/>
      </symbol>
      <symbol id="sm-1ab">
         <name>spaceFilter</name>
         <value>0x3465</value>
         <object_component_ref idref="oc-f6"/>
      </symbol>
      <symbol id="sm-1ac">
         <name>printString</name>
         <value>0x342d</value>
         <object_component_ref idref="oc-f6"/>
      </symbol>
      <symbol id="sm-1ad">
         <name>printChar</name>
         <value>0x341d</value>
         <object_component_ref idref="oc-f6"/>
      </symbol>
      <symbol id="sm-1ae">
         <name>out</name>
         <value>0x200008c0</value>
         <object_component_ref idref="oc-143"/>
      </symbol>
      <symbol id="sm-1d0">
         <name>main</name>
         <value>0x31b9</value>
         <object_component_ref idref="oc-c2"/>
      </symbol>
      <symbol id="sm-1f1">
         <name>ResetISR</name>
         <value>0x3c13</value>
         <object_component_ref idref="oc-2b"/>
      </symbol>
      <symbol id="sm-1f2">
         <name>g_pfnVectors</name>
         <value>0x0</value>
         <object_component_ref idref="oc-f"/>
      </symbol>
      <symbol id="sm-208">
         <name>atoi</name>
         <value>0x3951</value>
         <object_component_ref idref="oc-175"/>
      </symbol>
      <symbol id="sm-219">
         <name>_c_int00</name>
         <value>0x3855</value>
         <object_component_ref idref="oc-24"/>
      </symbol>
      <symbol id="sm-21a">
         <name>__stack</name>
         <value>0x200008dc</value>
         <object_component_ref idref="oc-2a"/>
      </symbol>
      <symbol id="sm-238">
         <name>__TI_decompress_lzss</name>
         <value>0x3669</value>
         <object_component_ref idref="oc-12"/>
      </symbol>
      <symbol id="sm-24f">
         <name>__TI_decompress_none</name>
         <value>0x3c05</value>
         <object_component_ref idref="oc-18"/>
      </symbol>
      <symbol id="sm-25b">
         <name>_ctypes_</name>
         <value>0x3c28</value>
         <object_component_ref idref="oc-158"/>
      </symbol>
      <symbol id="sm-27c">
         <name>C$$EXIT</name>
         <value>0x38a9</value>
         <object_component_ref idref="oc-7b"/>
      </symbol>
      <symbol id="sm-27d">
         <name>abort</name>
         <value>0x38ad</value>
         <object_component_ref idref="oc-7b"/>
      </symbol>
      <symbol id="sm-27e">
         <name>exit</name>
         <value>0x38b5</value>
         <object_component_ref idref="oc-7b"/>
      </symbol>
      <symbol id="sm-27f">
         <name>__TI_dtors_ptr</name>
         <value>0x2000089c</value>
         <object_component_ref idref="oc-ca"/>
      </symbol>
      <symbol id="sm-280">
         <name>__TI_cleanup_ptr</name>
         <value>0x20000898</value>
         <object_component_ref idref="oc-ca"/>
      </symbol>
      <symbol id="sm-281">
         <name>__TI_enable_exit_profile_output</name>
         <value>0x200008a0</value>
         <object_component_ref idref="oc-ca"/>
      </symbol>
      <symbol id="sm-290">
         <name>isdigit</name>
         <value>0x3be5</value>
         <object_component_ref idref="oc-16f"/>
      </symbol>
      <symbol id="sm-2ab">
         <name>memcpy</name>
         <value>0x3275</value>
         <object_component_ref idref="oc-4b"/>
      </symbol>
      <symbol id="sm-2ac">
         <name>__aeabi_memcpy</name>
         <value>0x3275</value>
         <object_component_ref idref="oc-4b"/>
      </symbol>
      <symbol id="sm-2ad">
         <name>__aeabi_memcpy8</name>
         <value>0x3275</value>
         <object_component_ref idref="oc-4b"/>
      </symbol>
      <symbol id="sm-2ae">
         <name>__aeabi_memcpy4</name>
         <value>0x3275</value>
         <object_component_ref idref="oc-4b"/>
      </symbol>
      <symbol id="sm-2bd">
         <name>__aeabi_memset</name>
         <value>0x34a3</value>
         <object_component_ref idref="oc-57"/>
      </symbol>
      <symbol id="sm-2be">
         <name>memset</name>
         <value>0x34a9</value>
         <object_component_ref idref="oc-57"/>
      </symbol>
      <symbol id="sm-2bf">
         <name>__aeabi_memset8</name>
         <value>0x34a3</value>
         <object_component_ref idref="oc-57"/>
      </symbol>
      <symbol id="sm-2c0">
         <name>__aeabi_memset4</name>
         <value>0x34a3</value>
         <object_component_ref idref="oc-57"/>
      </symbol>
      <symbol id="sm-2c1">
         <name>__aeabi_memclr8</name>
         <value>0x34a1</value>
         <object_component_ref idref="oc-57"/>
      </symbol>
      <symbol id="sm-2c2">
         <name>__aeabi_memclr4</name>
         <value>0x34a1</value>
         <object_component_ref idref="oc-57"/>
      </symbol>
      <symbol id="sm-2c3">
         <name>__aeabi_memclr</name>
         <value>0x34a1</value>
         <object_component_ref idref="oc-57"/>
      </symbol>
      <symbol id="sm-2cd">
         <name>__mpu_init</name>
         <value>0x1347</value>
         <object_component_ref idref="oc-63"/>
      </symbol>
      <symbol id="sm-2d7">
         <name>_system_pre_init</name>
         <value>0x3c1f</value>
         <object_component_ref idref="oc-69"/>
      </symbol>
      <symbol id="sm-2f0">
         <name>sprintf</name>
         <value>0x3799</value>
         <object_component_ref idref="oc-169"/>
      </symbol>
      <symbol id="sm-312">
         <name>sscanf</name>
         <value>0x30ff</value>
         <object_component_ref idref="oc-1d5"/>
      </symbol>
      <symbol id="sm-313">
         <name>vsscanf</name>
         <value>0x30ed</value>
         <object_component_ref idref="oc-1d5"/>
      </symbol>
      <symbol id="sm-31b">
         <name>main_func_sp</name>
         <value>0x200008d4</value>
         <object_component_ref idref="oc-81"/>
      </symbol>
      <symbol id="sm-329">
         <name>strcpy</name>
         <value>0x3bbd</value>
         <object_component_ref idref="oc-163"/>
      </symbol>
      <symbol id="sm-339">
         <name>strncmp</name>
         <value>0x3a9f</value>
         <object_component_ref idref="oc-14d"/>
      </symbol>
      <symbol id="sm-351">
         <name>strtok</name>
         <value>0x3a31</value>
         <object_component_ref idref="oc-15d"/>
      </symbol>
      <symbol id="sm-360">
         <name>tolower</name>
         <value>0x3bf5</value>
         <object_component_ref idref="oc-108"/>
      </symbol>
      <symbol id="sm-379">
         <name>_nop</name>
         <value>0x3ba3</value>
         <object_component_ref idref="oc-122"/>
      </symbol>
      <symbol id="sm-37a">
         <name>_lock</name>
         <value>0x200008b0</value>
         <object_component_ref idref="oc-cd"/>
      </symbol>
      <symbol id="sm-37b">
         <name>_unlock</name>
         <value>0x200008b4</value>
         <object_component_ref idref="oc-cd"/>
      </symbol>
      <symbol id="sm-37c">
         <name>_register_lock</name>
         <value>0x3b9b</value>
         <object_component_ref idref="oc-122"/>
      </symbol>
      <symbol id="sm-37d">
         <name>_register_unlock</name>
         <value>0x3b95</value>
         <object_component_ref idref="oc-122"/>
      </symbol>
      <symbol id="sm-47e">
         <name>__TI_printfi</name>
         <value>0xa4d</value>
         <object_component_ref idref="oc-1be"/>
      </symbol>
      <symbol id="sm-50f">
         <name>__TI_scanfi</name>
         <value>0x1349</value>
         <object_component_ref idref="oc-25d"/>
      </symbol>
      <symbol id="sm-523">
         <name>_args_main</name>
         <value>0x3b35</value>
         <object_component_ref idref="oc-75"/>
      </symbol>
      <symbol id="sm-54d">
         <name>__TI_auto_init</name>
         <value>0x351d</value>
         <object_component_ref idref="oc-6f"/>
      </symbol>
      <symbol id="sm-567">
         <name>copy_in</name>
         <value>0x399d</value>
         <object_component_ref idref="oc-b4"/>
      </symbol>
      <symbol id="sm-57e">
         <name>__aeabi_dsub</name>
         <value>0x2439</value>
         <object_component_ref idref="oc-229"/>
      </symbol>
      <symbol id="sm-57f">
         <name>__aeabi_dadd</name>
         <value>0x2443</value>
         <object_component_ref idref="oc-229"/>
      </symbol>
      <symbol id="sm-5a1">
         <name>__aeabi_cdcmpeq</name>
         <value>0x3311</value>
         <object_component_ref idref="oc-205"/>
      </symbol>
      <symbol id="sm-5a2">
         <name>__aeabi_cdcmple</name>
         <value>0x3311</value>
         <object_component_ref idref="oc-205"/>
      </symbol>
      <symbol id="sm-5a3">
         <name>__aeabi_cdrcmple</name>
         <value>0x3397</value>
         <object_component_ref idref="oc-214"/>
      </symbol>
      <symbol id="sm-5b7">
         <name>__aeabi_ddiv</name>
         <value>0x2a41</value>
         <object_component_ref idref="oc-20f"/>
      </symbol>
      <symbol id="sm-5c2">
         <name>__aeabi_dmul</name>
         <value>0x2ef5</value>
         <object_component_ref idref="oc-20a"/>
      </symbol>
      <symbol id="sm-5cc">
         <name>__aeabi_d2iz</name>
         <value>0x39e9</value>
         <object_component_ref idref="oc-219"/>
      </symbol>
      <symbol id="sm-5d8">
         <name>__aeabi_d2f</name>
         <value>0x358d</value>
         <object_component_ref idref="oc-2b4"/>
      </symbol>
      <symbol id="sm-5e2">
         <name>__aeabi_i2d</name>
         <value>0x3a71</value>
         <object_component_ref idref="oc-224"/>
      </symbol>
      <symbol id="sm-5f1">
         <name>ltoa</name>
         <value>0x38fd</value>
         <object_component_ref idref="oc-21e"/>
      </symbol>
      <symbol id="sm-601">
         <name>memccpy</name>
         <value>0x3b19</value>
         <object_component_ref idref="oc-240"/>
      </symbol>
      <symbol id="sm-61c">
         <name>frexpl</name>
         <value>0x3735</value>
         <object_component_ref idref="oc-22e"/>
      </symbol>
      <symbol id="sm-61d">
         <name>frexp</name>
         <value>0x3735</value>
         <object_component_ref idref="oc-22e"/>
      </symbol>
      <symbol id="sm-63a">
         <name>scalbn</name>
         <value>0x2ff1</value>
         <object_component_ref idref="oc-234"/>
      </symbol>
      <symbol id="sm-63b">
         <name>scalbnl</name>
         <value>0x2ff1</value>
         <object_component_ref idref="oc-234"/>
      </symbol>
      <symbol id="sm-63c">
         <name>ldexpl</name>
         <value>0x2ff1</value>
         <object_component_ref idref="oc-234"/>
      </symbol>
      <symbol id="sm-63d">
         <name>ldexp</name>
         <value>0x2ff1</value>
         <object_component_ref idref="oc-234"/>
      </symbol>
      <symbol id="sm-647">
         <name>_system_post_cinit</name>
         <value>0x25ef</value>
         <object_component_ref idref="oc-ba"/>
      </symbol>
      <symbol id="sm-657">
         <name>strchr</name>
         <value>0x3b7d</value>
         <object_component_ref idref="oc-23a"/>
      </symbol>
      <symbol id="sm-668">
         <name>strcspn</name>
         <value>0x3af5</value>
         <object_component_ref idref="oc-1b1"/>
      </symbol>
      <symbol id="sm-676">
         <name>strlen</name>
         <value>0x3bd1</value>
         <object_component_ref idref="oc-1ff"/>
      </symbol>
      <symbol id="sm-685">
         <name>strrchr</name>
         <value>0x3b65</value>
         <object_component_ref idref="oc-29c"/>
      </symbol>
      <symbol id="sm-697">
         <name>strspn</name>
         <value>0x3acb</value>
         <object_component_ref idref="oc-1ab"/>
      </symbol>
      <symbol id="sm-6d6">
         <name>strtold</name>
         <value>0x1e2d</value>
         <object_component_ref idref="oc-2ae"/>
      </symbol>
      <symbol id="sm-6d7">
         <name>strtod</name>
         <value>0x1e2d</value>
         <object_component_ref idref="oc-2ae"/>
      </symbol>
      <symbol id="sm-6fc">
         <name>strtol</name>
         <value>0x2cad</value>
         <object_component_ref idref="oc-2b9"/>
      </symbol>
      <symbol id="sm-723">
         <name>strtoll</name>
         <value>0x225d</value>
         <object_component_ref idref="oc-2bf"/>
      </symbol>
      <symbol id="sm-744">
         <name>strtoul</name>
         <value>0x2de1</value>
         <object_component_ref idref="oc-2a2"/>
      </symbol>
      <symbol id="sm-768">
         <name>strtoull</name>
         <value>0x28e5</value>
         <object_component_ref idref="oc-2a8"/>
      </symbol>
      <symbol id="sm-784">
         <name>__aeabi_uldivmod</name>
         <value>0x2069</value>
         <object_component_ref idref="oc-1fa"/>
      </symbol>
      <symbol id="sm-78c">
         <name>errno</name>
         <value>0x200008d0</value>
         <object_component_ref idref="oc-28c"/>
      </symbol>
      <symbol id="sm-795">
         <name>__aeabi_lmul</name>
         <value>0x3b4d</value>
         <object_component_ref idref="oc-2e3"/>
      </symbol>
      <symbol id="sm-79f">
         <name>copysign</name>
         <value>0x3ba9</value>
         <object_component_ref idref="oc-286"/>
      </symbol>
      <symbol id="sm-7a0">
         <name>copysignl</name>
         <value>0x3ba9</value>
         <object_component_ref idref="oc-286"/>
      </symbol>
      <symbol id="sm-7a1">
         <name>__TI_static_base__</name>
         <value>0x0</value>
      </symbol>
      <symbol id="sm-7a4">
         <name>SHT$$INIT_ARRAY$$Limit</name>
         <value>0x0</value>
      </symbol>
      <symbol id="sm-7a5">
         <name>SHT$$INIT_ARRAY$$Base</name>
         <value>0x0</value>
      </symbol>
   </symbol_table>
   <title>Link successful</title>
</link_info>
